<?xml version="1.0"?>
<link_info>
   <banner>TI ARM Linker PC v15.12.3.LTS</banner>
   <copyright>Copyright (c) 1996-2015 Texas Instruments Incorporated</copyright>
   <link_time>0x57ab1d3e</link_time>
   <link_errors>0x0</link_errors>
   <output_file>Modbus_Slave_TM4C123G.out</output_file>
   <entry_point>
      <name>_c_int00</name>
      <address>0x2bad</address>
   </entry_point>
   <input_file_list>
      <input_file id="fl-2">
         <path>.\</path>
         <kind>object</kind>
         <file>main.obj</file>
         <name>main.obj</name>
      </input_file>
      <input_file id="fl-3">
         <path>.\</path>
         <kind>object</kind>
         <file>modbus_slave.obj</file>
         <name>modbus_slave.obj</name>
      </input_file>
      <input_file id="fl-4">
         <path>.\</path>
         <kind>object</kind>
         <file>ringbuf.obj</file>
         <name>ringbuf.obj</name>
      </input_file>
      <input_file id="fl-5">
         <path>.\</path>
         <kind>object</kind>
         <file>tm4c123gh6pm_startup_ccs.obj</file>
         <name>tm4c123gh6pm_startup_ccs.obj</name>
      </input_file>
      <input_file id="fl-b">
         <path>..\</path>
         <kind>archive</kind>
         <file>driverlib.lib</file>
         <name>fpu.obj</name>
      </input_file>
      <input_file id="fl-c">
         <path>..\</path>
         <kind>archive</kind>
         <file>driverlib.lib</file>
         <name>gpio.obj</name>
      </input_file>
      <input_file id="fl-d">
         <path>..\</path>
         <kind>archive</kind>
         <file>driverlib.lib</file>
         <name>interrupt.obj</name>
      </input_file>
      <input_file id="fl-e">
         <path>..\</path>
         <kind>archive</kind>
         <file>driverlib.lib</file>
         <name>sysctl.obj</name>
      </input_file>
      <input_file id="fl-f">
         <path>..\</path>
         <kind>archive</kind>
         <file>driverlib.lib</file>
         <name>timer.obj</name>
      </input_file>
      <input_file id="fl-10">
         <path>..\</path>
         <kind>archive</kind>
         <file>driverlib.lib</file>
         <name>uart.obj</name>
      </input_file>
      <input_file id="fl-11">
         <path>..\</path>
         <kind>archive</kind>
         <file>driverlib.lib</file>
         <name>cpu.obj</name>
      </input_file>
      <input_file id="fl-c7">
         <path>C:\ti\ccsv6\tools\compiler\arm_15.12.3.LTS\lib\</path>
         <kind>archive</kind>
         <file>rtsv7M4_T_le_v4SPD16_eabi.lib</file>
         <name>boot.obj</name>
      </input_file>
      <input_file id="fl-c8">
         <path>C:\ti\ccsv6\tools\compiler\arm_15.12.3.LTS\lib\</path>
         <kind>archive</kind>
         <file>rtsv7M4_T_le_v4SPD16_eabi.lib</file>
         <name>copy_decompress_none.obj</name>
      </input_file>
      <input_file id="fl-c9">
         <path>C:\ti\ccsv6\tools\compiler\arm_15.12.3.LTS\lib\</path>
         <kind>archive</kind>
         <file>rtsv7M4_T_le_v4SPD16_eabi.lib</file>
         <name>copy_decompress_rle.obj</name>
      </input_file>
      <input_file id="fl-ca">
         <path>C:\ti\ccsv6\tools\compiler\arm_15.12.3.LTS\lib\</path>
         <kind>archive</kind>
         <file>rtsv7M4_T_le_v4SPD16_eabi.lib</file>
         <name>copy_zero_init.obj</name>
      </input_file>
      <input_file id="fl-cb">
         <path>C:\ti\ccsv6\tools\compiler\arm_15.12.3.LTS\lib\</path>
         <kind>archive</kind>
         <file>rtsv7M4_T_le_v4SPD16_eabi.lib</file>
         <name>exit.obj</name>
      </input_file>
      <input_file id="fl-cc">
         <path>C:\ti\ccsv6\tools\compiler\arm_15.12.3.LTS\lib\</path>
         <kind>archive</kind>
         <file>rtsv7M4_T_le_v4SPD16_eabi.lib</file>
         <name>memcpy_t2.obj</name>
      </input_file>
      <input_file id="fl-cd">
         <path>C:\ti\ccsv6\tools\compiler\arm_15.12.3.LTS\lib\</path>
         <kind>archive</kind>
         <file>rtsv7M4_T_le_v4SPD16_eabi.lib</file>
         <name>memset_t2.obj</name>
      </input_file>
      <input_file id="fl-ce">
         <path>C:\ti\ccsv6\tools\compiler\arm_15.12.3.LTS\lib\</path>
         <kind>archive</kind>
         <file>rtsv7M4_T_le_v4SPD16_eabi.lib</file>
         <name>mpu_init.obj</name>
      </input_file>
      <input_file id="fl-cf">
         <path>C:\ti\ccsv6\tools\compiler\arm_15.12.3.LTS\lib\</path>
         <kind>archive</kind>
         <file>rtsv7M4_T_le_v4SPD16_eabi.lib</file>
         <name>pre_init.obj</name>
      </input_file>
      <input_file id="fl-d0">
         <path>C:\ti\ccsv6\tools\compiler\arm_15.12.3.LTS\lib\</path>
         <kind>archive</kind>
         <file>rtsv7M4_T_le_v4SPD16_eabi.lib</file>
         <name>stkdepth_vars.obj</name>
      </input_file>
      <input_file id="fl-d1">
         <path>C:\ti\ccsv6\tools\compiler\arm_15.12.3.LTS\lib\</path>
         <kind>archive</kind>
         <file>rtsv7M4_T_le_v4SPD16_eabi.lib</file>
         <name>_lock.obj</name>
      </input_file>
      <input_file id="fl-d2">
         <path>C:\ti\ccsv6\tools\compiler\arm_15.12.3.LTS\lib\</path>
         <kind>archive</kind>
         <file>rtsv7M4_T_le_v4SPD16_eabi.lib</file>
         <name>args_main.obj</name>
      </input_file>
      <input_file id="fl-d3">
         <path>C:\ti\ccsv6\tools\compiler\arm_15.12.3.LTS\lib\</path>
         <kind>archive</kind>
         <file>rtsv7M4_T_le_v4SPD16_eabi.lib</file>
         <name>autoinit.obj</name>
      </input_file>
      <input_file id="fl-d4">
         <path>C:\ti\ccsv6\tools\compiler\arm_15.12.3.LTS\lib\</path>
         <kind>archive</kind>
         <file>rtsv7M4_T_le_v4SPD16_eabi.lib</file>
         <name>cpy_tbl.obj</name>
      </input_file>
      <input_file id="fl-d5">
         <path>C:\ti\ccsv6\tools\compiler\arm_15.12.3.LTS\lib\</path>
         <kind>archive</kind>
         <file>rtsv7M4_T_le_v4SPD16_eabi.lib</file>
         <name>startup.obj</name>
      </input_file>
   </input_file_list>
   <object_component_list>
      <object_component id="oc-f">
         <name>.intvecs</name>
         <load_address>0x0</load_address>
         <run_address>0x0</run_address>
         <size>0x26c</size>
         <input_file_ref idref="fl-5"/>
      </object_component>
      <object_component id="oc-de">
         <name>.text</name>
         <load_address>0x26c</load_address>
         <run_address>0x26c</run_address>
         <size>0x1e0c</size>
         <input_file_ref idref="fl-3"/>
      </object_component>
      <object_component id="oc-154">
         <name>.text</name>
         <load_address>0x2078</load_address>
         <run_address>0x2078</run_address>
         <size>0x30c</size>
         <input_file_ref idref="fl-4"/>
      </object_component>
      <object_component id="oc-ab">
         <name>.text</name>
         <load_address>0x2384</load_address>
         <run_address>0x2384</run_address>
         <size>0x1cc</size>
         <input_file_ref idref="fl-2"/>
      </object_component>
      <object_component id="oc-204">
         <name>.text:GPIOPadConfigSet</name>
         <load_address>0x2550</load_address>
         <run_address>0x2550</run_address>
         <size>0x132</size>
         <input_file_ref idref="fl-c"/>
      </object_component>
      <object_component id="oc-59">
         <name>.text</name>
         <load_address>0x2682</load_address>
         <run_address>0x2682</run_address>
         <size>0x2</size>
         <input_file_ref idref="fl-ce"/>
      </object_component>
      <object_component id="oc-10e">
         <name>.text:SysCtlClockGet</name>
         <load_address>0x2684</load_address>
         <run_address>0x2684</run_address>
         <size>0x110</size>
         <input_file_ref idref="fl-e"/>
      </object_component>
      <object_component id="oc-108">
         <name>.text:SysCtlClockSet</name>
         <load_address>0x2794</load_address>
         <run_address>0x2794</run_address>
         <size>0xf4</size>
         <input_file_ref idref="fl-e"/>
      </object_component>
      <object_component id="oc-34">
         <name>.text</name>
         <load_address>0x2888</load_address>
         <run_address>0x2888</run_address>
         <size>0x9c</size>
         <input_file_ref idref="fl-cc"/>
      </object_component>
      <object_component id="oc-4d">
         <name>.text</name>
         <load_address>0x2924</load_address>
         <run_address>0x2924</run_address>
         <size>0x7a</size>
         <input_file_ref idref="fl-cd"/>
      </object_component>
      <object_component id="oc-a3">
         <name>.text</name>
         <load_address>0x299e</load_address>
         <run_address>0x299e</run_address>
         <size>0x2</size>
         <input_file_ref idref="fl-d5"/>
      </object_component>
      <object_component id="oc-65">
         <name>.text</name>
         <load_address>0x29a0</load_address>
         <run_address>0x29a0</run_address>
         <size>0x70</size>
         <input_file_ref idref="fl-d3"/>
      </object_component>
      <object_component id="oc-40">
         <name>.text</name>
         <load_address>0x2a10</load_address>
         <run_address>0x2a10</run_address>
         <size>0x6a</size>
         <input_file_ref idref="fl-c9"/>
      </object_component>
      <object_component id="oc-1ad">
         <name>.text:IntDisable</name>
         <load_address>0x2a7c</load_address>
         <run_address>0x2a7c</run_address>
         <size>0x68</size>
         <input_file_ref idref="fl-d"/>
      </object_component>
      <object_component id="oc-174">
         <name>.text:IntEnable</name>
         <load_address>0x2ae4</load_address>
         <run_address>0x2ae4</run_address>
         <size>0x68</size>
         <input_file_ref idref="fl-d"/>
      </object_component>
      <object_component id="oc-1e6">
         <name>.text:TimerConfigure</name>
         <load_address>0x2b4c</load_address>
         <run_address>0x2b4c</run_address>
         <size>0x60</size>
         <input_file_ref idref="fl-f"/>
      </object_component>
      <object_component id="oc-24">
         <name>.text</name>
         <load_address>0x2bac</load_address>
         <run_address>0x2bac</run_address>
         <size>0x54</size>
         <input_file_ref idref="fl-c7"/>
      </object_component>
      <object_component id="oc-71">
         <name>.text</name>
         <load_address>0x2c00</load_address>
         <run_address>0x2c00</run_address>
         <size>0x54</size>
         <input_file_ref idref="fl-cb"/>
      </object_component>
      <object_component id="oc-114">
         <name>.text:SysCtlPeripheralReset</name>
         <load_address>0x2c54</load_address>
         <run_address>0x2c54</run_address>
         <size>0x50</size>
         <input_file_ref idref="fl-e"/>
      </object_component>
      <object_component id="oc-271">
         <name>.text:_TimerIntNumberGet</name>
         <load_address>0x2ca4</load_address>
         <run_address>0x2ca4</run_address>
         <size>0x4c</size>
         <input_file_ref idref="fl-f"/>
      </object_component>
      <object_component id="oc-9d">
         <name>.text</name>
         <load_address>0x2cf0</load_address>
         <run_address>0x2cf0</run_address>
         <size>0x4c</size>
         <input_file_ref idref="fl-d4"/>
      </object_component>
      <object_component id="oc-1bc">
         <name>.text:GPIOPinConfigure</name>
         <load_address>0x2d3c</load_address>
         <run_address>0x2d3c</run_address>
         <size>0x48</size>
         <input_file_ref idref="fl-c"/>
      </object_component>
      <object_component id="oc-1c8">
         <name>.text:UARTConfigSetExpClk</name>
         <load_address>0x2d84</load_address>
         <run_address>0x2d84</run_address>
         <size>0x46</size>
         <input_file_ref idref="fl-10"/>
      </object_component>
      <object_component id="oc-261">
         <name>.text:_UARTIntNumberGet</name>
         <load_address>0x2dcc</load_address>
         <run_address>0x2dcc</run_address>
         <size>0x40</size>
         <input_file_ref idref="fl-10"/>
      </object_component>
      <object_component id="oc-ea">
         <name>.text:SysCtlPeripheralReady</name>
         <load_address>0x2e0c</load_address>
         <run_address>0x2e0c</run_address>
         <size>0x38</size>
         <input_file_ref idref="fl-e"/>
      </object_component>
      <object_component id="oc-267">
         <name>.text:IntRegister</name>
         <load_address>0x2e44</load_address>
         <run_address>0x2e44</run_address>
         <size>0x34</size>
         <input_file_ref idref="fl-d"/>
      </object_component>
      <object_component id="oc-e4">
         <name>.text:SysCtlPeripheralEnable</name>
         <load_address>0x2e78</load_address>
         <run_address>0x2e78</run_address>
         <size>0x34</size>
         <input_file_ref idref="fl-e"/>
      </object_component>
      <object_component id="oc-20a">
         <name>.text:GPIODirModeSet</name>
         <load_address>0x2eac</load_address>
         <run_address>0x2eac</run_address>
         <size>0x2a</size>
         <input_file_ref idref="fl-c"/>
      </object_component>
      <object_component id="oc-257">
         <name>.text:UARTDisable</name>
         <load_address>0x2ed8</load_address>
         <run_address>0x2ed8</run_address>
         <size>0x20</size>
         <input_file_ref idref="fl-10"/>
      </object_component>
      <object_component id="oc-f0">
         <name>.text:GPIOPinTypeGPIOOutput</name>
         <load_address>0x2ef8</load_address>
         <run_address>0x2ef8</run_address>
         <size>0x18</size>
         <input_file_ref idref="fl-c"/>
      </object_component>
      <object_component id="oc-1b3">
         <name>.text:TimerDisable</name>
         <load_address>0x2f10</load_address>
         <run_address>0x2f10</run_address>
         <size>0x18</size>
         <input_file_ref idref="fl-f"/>
      </object_component>
      <object_component id="oc-1f8">
         <name>.text:TimerIntRegister</name>
         <load_address>0x2f28</load_address>
         <run_address>0x2f28</run_address>
         <size>0x18</size>
         <input_file_ref idref="fl-f"/>
      </object_component>
      <object_component id="oc-1e0">
         <name>.text:UARTIntRegister</name>
         <load_address>0x2f40</load_address>
         <run_address>0x2f40</run_address>
         <size>0x18</size>
         <input_file_ref idref="fl-10"/>
      </object_component>
      <object_component id="oc-6b">
         <name>.text</name>
         <load_address>0x2f58</load_address>
         <run_address>0x2f58</run_address>
         <size>0x18</size>
         <input_file_ref idref="fl-d2"/>
      </object_component>
      <object_component id="oc-102">
         <name>.text:FPUStackingEnable</name>
         <load_address>0x2f70</load_address>
         <run_address>0x2f70</run_address>
         <size>0x14</size>
         <input_file_ref idref="fl-b"/>
      </object_component>
      <object_component id="oc-1d4">
         <name>.text:UARTEnable</name>
         <load_address>0x2f84</load_address>
         <run_address>0x2f84</run_address>
         <size>0x14</size>
         <input_file_ref idref="fl-10"/>
      </object_component>
      <object_component id="oc-132">
         <name>.text</name>
         <load_address>0x2f98</load_address>
         <run_address>0x2f98</run_address>
         <size>0x14</size>
         <input_file_ref idref="fl-d1"/>
      </object_component>
      <object_component id="oc-1c2">
         <name>.text:GPIOPinTypeUART</name>
         <load_address>0x2fac</load_address>
         <run_address>0x2fac</run_address>
         <size>0x12</size>
         <input_file_ref idref="fl-c"/>
      </object_component>
      <object_component id="oc-1ec">
         <name>.text:TimerLoadSet</name>
         <load_address>0x2fbe</load_address>
         <run_address>0x2fbe</run_address>
         <size>0x12</size>
         <input_file_ref idref="fl-f"/>
      </object_component>
      <object_component id="oc-fc">
         <name>.text:FPUEnable</name>
         <load_address>0x2fd0</load_address>
         <run_address>0x2fd0</run_address>
         <size>0x10</size>
         <input_file_ref idref="fl-b"/>
      </object_component>
      <object_component id="oc-f6">
         <name>.text:FPULazyStackingEnable</name>
         <load_address>0x2fe0</load_address>
         <run_address>0x2fe0</run_address>
         <size>0x10</size>
         <input_file_ref idref="fl-b"/>
      </object_component>
      <object_component id="oc-14e">
         <name>.text:IntMasterDisable</name>
         <load_address>0x2ff0</load_address>
         <run_address>0x2ff0</run_address>
         <size>0x10</size>
         <input_file_ref idref="fl-d"/>
      </object_component>
      <object_component id="oc-166">
         <name>.text:IntMasterEnable</name>
         <load_address>0x3000</load_address>
         <run_address>0x3000</run_address>
         <size>0x10</size>
         <input_file_ref idref="fl-d"/>
      </object_component>
      <object_component id="oc-d2">
         <name>.text:GPIOIntStatus</name>
         <load_address>0x3010</load_address>
         <run_address>0x3010</run_address>
         <size>0xe</size>
         <input_file_ref idref="fl-c"/>
      </object_component>
      <object_component id="oc-17a">
         <name>.text:TimerEnable</name>
         <load_address>0x301e</load_address>
         <run_address>0x301e</run_address>
         <size>0xe</size>
         <input_file_ref idref="fl-f"/>
      </object_component>
      <object_component id="oc-191">
         <name>.text:UARTCharGetNonBlocking</name>
         <load_address>0x302c</load_address>
         <run_address>0x302c</run_address>
         <size>0xe</size>
         <input_file_ref idref="fl-10"/>
      </object_component>
      <object_component id="oc-160">
         <name>.text:UARTCharPutNonBlocking</name>
         <load_address>0x303a</load_address>
         <run_address>0x303a</run_address>
         <size>0xe</size>
         <input_file_ref idref="fl-10"/>
      </object_component>
      <object_component id="oc-197">
         <name>.text:UARTCharsAvail</name>
         <load_address>0x3048</load_address>
         <run_address>0x3048</run_address>
         <size>0xe</size>
         <input_file_ref idref="fl-10"/>
      </object_component>
      <object_component id="oc-12">
         <name>.text:decompress:none</name>
         <load_address>0x3056</load_address>
         <run_address>0x3056</run_address>
         <size>0xe</size>
         <input_file_ref idref="fl-c8"/>
      </object_component>
      <object_component id="oc-22a">
         <name>.text:CPUcpsid</name>
         <load_address>0x3064</load_address>
         <run_address>0x3064</run_address>
         <size>0xc</size>
         <input_file_ref idref="fl-11"/>
      </object_component>
      <object_component id="oc-235">
         <name>.text:CPUcpsie</name>
         <load_address>0x3070</load_address>
         <run_address>0x3070</run_address>
         <size>0xc</size>
         <input_file_ref idref="fl-11"/>
      </object_component>
      <object_component id="oc-2b">
         <name>.text</name>
         <load_address>0x307c</load_address>
         <run_address>0x307c</run_address>
         <size>0xc</size>
         <input_file_ref idref="fl-5"/>
      </object_component>
      <object_component id="oc-1da">
         <name>.text:UARTFIFODisable</name>
         <load_address>0x3088</load_address>
         <run_address>0x3088</run_address>
         <size>0xa</size>
         <input_file_ref idref="fl-10"/>
      </object_component>
      <object_component id="oc-148">
         <name>.text:UARTIntDisable</name>
         <load_address>0x3092</load_address>
         <run_address>0x3092</run_address>
         <size>0xa</size>
         <input_file_ref idref="fl-10"/>
      </object_component>
      <object_component id="oc-185">
         <name>.text:UARTIntStatus</name>
         <load_address>0x309c</load_address>
         <run_address>0x309c</run_address>
         <size>0xa</size>
         <input_file_ref idref="fl-10"/>
      </object_component>
      <object_component id="oc-1f2">
         <name>.text:TimerIntEnable</name>
         <load_address>0x30a6</load_address>
         <run_address>0x30a6</run_address>
         <size>0x8</size>
         <input_file_ref idref="fl-f"/>
      </object_component>
      <object_component id="oc-1a7">
         <name>.text:UARTBusy</name>
         <load_address>0x30ae</load_address>
         <run_address>0x30ae</run_address>
         <size>0x8</size>
         <input_file_ref idref="fl-10"/>
      </object_component>
      <object_component id="oc-15a">
         <name>.text:UARTIntEnable</name>
         <load_address>0x30b6</load_address>
         <run_address>0x30b6</run_address>
         <size>0x8</size>
         <input_file_ref idref="fl-10"/>
      </object_component>
      <object_component id="oc-d8">
         <name>.text:GPIOIntClear</name>
         <load_address>0x30be</load_address>
         <run_address>0x30be</run_address>
         <size>0x6</size>
         <input_file_ref idref="fl-c"/>
      </object_component>
      <object_component id="oc-11a">
         <name>.text:GPIOPinWrite</name>
         <load_address>0x30c4</load_address>
         <run_address>0x30c4</run_address>
         <size>0x6</size>
         <input_file_ref idref="fl-c"/>
      </object_component>
      <object_component id="oc-214">
         <name>.text:SysCtlDelay</name>
         <load_address>0x30ca</load_address>
         <run_address>0x30ca</run_address>
         <size>0x6</size>
         <input_file_ref idref="fl-e"/>
      </object_component>
      <object_component id="oc-1ce">
         <name>.text:UARTFIFOLevelSet</name>
         <load_address>0x30d0</load_address>
         <run_address>0x30d0</run_address>
         <size>0x6</size>
         <input_file_ref idref="fl-10"/>
      </object_component>
      <object_component id="oc-18">
         <name>.text:decompress:rle24</name>
         <load_address>0x30d6</load_address>
         <run_address>0x30d6</run_address>
         <size>0x6</size>
         <input_file_ref idref="fl-c9"/>
      </object_component>
      <object_component id="oc-1a1">
         <name>.text:TimerIntClear</name>
         <load_address>0x30dc</load_address>
         <run_address>0x30dc</run_address>
         <size>0x4</size>
         <input_file_ref idref="fl-f"/>
      </object_component>
      <object_component id="oc-18b">
         <name>.text:UARTIntClear</name>
         <load_address>0x30e0</load_address>
         <run_address>0x30e0</run_address>
         <size>0x4</size>
         <input_file_ref idref="fl-10"/>
      </object_component>
      <object_component id="oc-5f">
         <name>.text</name>
         <load_address>0x30e4</load_address>
         <run_address>0x30e4</run_address>
         <size>0x4</size>
         <input_file_ref idref="fl-cf"/>
      </object_component>
      <object_component id="oc-252">
         <name>.const:g_pui32GPIOBaseAddrs</name>
         <load_address>0x30e8</load_address>
         <run_address>0x30e8</run_address>
         <size>0x90</size>
         <input_file_ref idref="fl-c"/>
      </object_component>
      <object_component id="oc-243">
         <name>.const</name>
         <load_address>0x3178</load_address>
         <run_address>0x3178</run_address>
         <size>0x70</size>
         <input_file_ref idref="fl-d"/>
      </object_component>
      <object_component id="oc-216">
         <name>.const:g_pui32Xtals</name>
         <load_address>0x31e8</load_address>
         <run_address>0x31e8</run_address>
         <size>0x6c</size>
         <input_file_ref idref="fl-e"/>
      </object_component>
      <object_component id="oc-29d">
         <name>.const:g_ppui32TimerIntMap</name>
         <load_address>0x3254</load_address>
         <run_address>0x3254</run_address>
         <size>0x60</size>
         <input_file_ref idref="fl-f"/>
      </object_component>
      <object_component id="oc-2a0">
         <name>.const:g_ppui32TimerIntMapSnowflake</name>
         <load_address>0x32b4</load_address>
         <run_address>0x32b4</run_address>
         <size>0x40</size>
         <input_file_ref idref="fl-f"/>
      </object_component>
      <object_component id="oc-292">
         <name>.const:g_ppui32UARTIntMap</name>
         <load_address>0x32f4</load_address>
         <run_address>0x32f4</run_address>
         <size>0x40</size>
         <input_file_ref idref="fl-10"/>
      </object_component>
      <object_component id="oc-295">
         <name>.const:g_ppui32UARTIntMapSnowflake</name>
         <load_address>0x3334</load_address>
         <run_address>0x3334</run_address>
         <size>0x40</size>
         <input_file_ref idref="fl-10"/>
      </object_component>
      <object_component id="oc-2d0">
         <name>.cinit..data.load</name>
         <load_address>0x3378</load_address>
         <run_address>0x3378</run_address>
         <size>0x16</size>
      </object_component>
      <object_component id="oc-2d1">
         <name>.cinit..bss.load</name>
         <load_address>0x3390</load_address>
         <run_address>0x3390</run_address>
         <size>0xb</size>
      </object_component>
      <object_component id="oc-2cf">
         <name>.cinit..vtable.load</name>
         <load_address>0x33a0</load_address>
         <run_address>0x33a0</run_address>
         <size>0xb</size>
      </object_component>
      <object_component id="oc-2cd">
         <name>__TI_handler_table</name>
         <load_address>0x33ac</load_address>
         <run_address>0x33ac</run_address>
         <size>0x8</size>
      </object_component>
      <object_component id="oc-2ce">
         <name>__TI_cinit_table</name>
         <load_address>0x33b4</load_address>
         <run_address>0x33b4</run_address>
         <size>0x18</size>
      </object_component>
      <object_component id="oc-299">
         <name>.vtable</name>
         <uninitialized>true</uninitialized>
         <run_address>0x20000000</run_address>
         <size>0x26c</size>
         <input_file_ref idref="fl-d"/>
      </object_component>
      <object_component id="oc-1ba">
         <name>.data</name>
         <load_address>0x20000e04</load_address>
         <run_address>0x20000e04</run_address>
         <size>0x3</size>
         <input_file_ref idref="fl-3"/>
      </object_component>
      <object_component id="oc-b3">
         <name>.data:$O1$$</name>
         <load_address>0x20000dec</load_address>
         <run_address>0x20000dec</run_address>
         <size>0xc</size>
         <input_file_ref idref="fl-cb"/>
      </object_component>
      <object_component id="oc-77">
         <name>.data</name>
         <load_address>0x20000e00</load_address>
         <run_address>0x20000e00</run_address>
         <size>0x4</size>
         <input_file_ref idref="fl-d0"/>
      </object_component>
      <object_component id="oc-b6">
         <name>.data:$O1$$</name>
         <load_address>0x20000df8</load_address>
         <run_address>0x20000df8</run_address>
         <size>0x8</size>
         <input_file_ref idref="fl-d1"/>
      </object_component>
      <object_component id="oc-126">
         <name>.common:test3</name>
         <uninitialized>true</uninitialized>
         <run_address>0x20000be2</run_address>
         <size>0x2</size>
      </object_component>
      <object_component id="oc-127">
         <name>.common:test4</name>
         <uninitialized>true</uninitialized>
         <run_address>0x20000be4</run_address>
         <size>0x2</size>
      </object_component>
      <object_component id="oc-120">
         <name>.common:g_tSerialConfig</name>
         <uninitialized>true</uninitialized>
         <run_address>0x20000b80</run_address>
         <size>0x14</size>
      </object_component>
      <object_component id="oc-125">
         <name>.common:g_tStation</name>
         <uninitialized>true</uninitialized>
         <run_address>0x20000bbe</run_address>
         <size>0xa</size>
      </object_component>
      <object_component id="oc-124">
         <name>.common:ERR</name>
         <uninitialized>true</uninitialized>
         <run_address>0x20000bd4</run_address>
         <size>0x2</size>
      </object_component>
      <object_component id="oc-123">
         <name>.common:g_ui32SysClock</name>
         <uninitialized>true</uninitialized>
         <run_address>0x20000bc8</run_address>
         <size>0x4</size>
      </object_component>
      <object_component id="oc-172">
         <name>.common:g_ui32TxRxEnablePort</name>
         <uninitialized>true</uninitialized>
         <run_address>0x20000bcc</run_address>
         <size>0x4</size>
      </object_component>
      <object_component id="oc-173">
         <name>.common:g_ui8TxRxEnablePin</name>
         <uninitialized>true</uninitialized>
         <run_address>0x20000be8</run_address>
         <size>0x1</size>
      </object_component>
      <object_component id="oc-171">
         <name>.common:g_bTxRxEnable</name>
         <uninitialized>true</uninitialized>
         <run_address>0x20000be7</run_address>
         <size>0x1</size>
      </object_component>
      <object_component id="oc-170">
         <name>.common:g_bTransmitBusy</name>
         <uninitialized>true</uninitialized>
         <run_address>0x20000be6</run_address>
         <size>0x1</size>
      </object_component>
      <object_component id="oc-184">
         <name>.common:g_ui16DataFieldEnable</name>
         <uninitialized>true</uninitialized>
         <run_address>0x20000bd6</run_address>
         <size>0x2</size>
      </object_component>
      <object_component id="oc-19d">
         <name>.common:g_ui16InputCoil</name>
         <uninitialized>true</uninitialized>
         <run_address>0x20000bdc</run_address>
         <size>0x2</size>
      </object_component>
      <object_component id="oc-19e">
         <name>.common:g_ui16StatusCoil</name>
         <uninitialized>true</uninitialized>
         <run_address>0x20000be0</run_address>
         <size>0x2</size>
      </object_component>
      <object_component id="oc-19f">
         <name>.common:g_ui16InputReg</name>
         <uninitialized>true</uninitialized>
         <run_address>0x20000bde</run_address>
         <size>0x2</size>
      </object_component>
      <object_component id="oc-1a0">
         <name>.common:g_ui16HoldingReg</name>
         <uninitialized>true</uninitialized>
         <run_address>0x20000bda</run_address>
         <size>0x2</size>
      </object_component>
      <object_component id="oc-182">
         <name>.common:g_ui16Datalength</name>
         <uninitialized>true</uninitialized>
         <run_address>0x20000bd8</run_address>
         <size>0x2</size>
      </object_component>
      <object_component id="oc-16c">
         <name>.common:g_ui32UARTPort</name>
         <uninitialized>true</uninitialized>
         <run_address>0x20000bd0</run_address>
         <size>0x4</size>
      </object_component>
      <object_component id="oc-181">
         <name>.common:g_tModbus</name>
         <uninitialized>true</uninitialized>
         <run_address>0x20000bb4</run_address>
         <size>0xa</size>
      </object_component>
      <object_component id="oc-1bb">
         <name>.common:g_tDataField</name>
         <uninitialized>true</uninitialized>
         <run_address>0x2000026c</run_address>
         <size>0x514</size>
      </object_component>
      <object_component id="oc-1b9">
         <name>.common:g_rbRemoTIRxRingBuf</name>
         <uninitialized>true</uninitialized>
         <run_address>0x20000b94</run_address>
         <size>0x10</size>
      </object_component>
      <object_component id="oc-16f">
         <name>.common:g_rbRemoTITxRingBuf</name>
         <uninitialized>true</uninitialized>
         <run_address>0x20000ba4</run_address>
         <size>0x10</size>
      </object_component>
      <object_component id="oc-1fe">
         <name>.common:g_pui8RxBuf</name>
         <uninitialized>true</uninitialized>
         <run_address>0x20000980</run_address>
         <size>0x100</size>
      </object_component>
      <object_component id="oc-1ff">
         <name>.common:g_pui8TxBuf</name>
         <uninitialized>true</uninitialized>
         <run_address>0x20000a80</run_address>
         <size>0x100</size>
      </object_component>
      <object_component id="oc-183">
         <name>.common:g_pui8MbReqPDU</name>
         <uninitialized>true</uninitialized>
         <run_address>0x20000880</run_address>
         <size>0x100</size>
      </object_component>
      <object_component id="oc-180">
         <name>.common:g_pui8MBRsp</name>
         <uninitialized>true</uninitialized>
         <run_address>0x20000780</run_address>
         <size>0x100</size>
      </object_component>
      <object_component id="oc-2a">
         <name>.stack</name>
         <uninitialized>true</uninitialized>
         <run_address>0x20000bec</run_address>
         <size>0x0</size>
         <input_file_ref idref="fl-c7"/>
      </object_component>
      <object_component id="oc-2d2">
         <name>.stack</name>
         <uninitialized>true</uninitialized>
         <run_address>0x20000bec</run_address>
         <size>0x0</size>
      </object_component>
      <object_component id="oc-121">
         <name>.debug_info</name>
         <load_address>0x0</load_address>
         <run_address>0x0</run_address>
         <size>0x64f</size>
         <input_file_ref idref="fl-2"/>
      </object_component>
      <object_component id="oc-ac">
         <name>.debug_info</name>
         <load_address>0x64f</load_address>
         <run_address>0x64f</run_address>
         <size>0x498</size>
         <input_file_ref idref="fl-2"/>
      </object_component>
      <object_component id="oc-21e">
         <name>.debug_info</name>
         <load_address>0xae7</load_address>
         <run_address>0xae7</run_address>
         <size>0x1a8</size>
         <input_file_ref idref="fl-2"/>
      </object_component>
      <object_component id="oc-23e">
         <name>.debug_info</name>
         <load_address>0xc8f</load_address>
         <run_address>0xc8f</run_address>
         <size>0x86</size>
         <input_file_ref idref="fl-2"/>
      </object_component>
      <object_component id="oc-be">
         <name>.debug_info</name>
         <load_address>0xd15</load_address>
         <run_address>0xd15</run_address>
         <size>0x8b</size>
         <input_file_ref idref="fl-2"/>
      </object_component>
      <object_component id="oc-7e">
         <name>.debug_info</name>
         <load_address>0xda0</load_address>
         <run_address>0xda0</run_address>
         <size>0x18b</size>
         <input_file_ref idref="fl-2"/>
      </object_component>
      <object_component id="oc-16d">
         <name>.debug_info</name>
         <load_address>0xf2b</load_address>
         <run_address>0xf2b</run_address>
         <size>0xbea</size>
         <input_file_ref idref="fl-3"/>
      </object_component>
      <object_component id="oc-df">
         <name>.debug_info</name>
         <load_address>0x1b15</load_address>
         <run_address>0x1b15</run_address>
         <size>0x2a4b</size>
         <input_file_ref idref="fl-3"/>
      </object_component>
      <object_component id="oc-232">
         <name>.debug_info</name>
         <load_address>0x4560</load_address>
         <run_address>0x4560</run_address>
         <size>0x122</size>
         <input_file_ref idref="fl-4"/>
      </object_component>
      <object_component id="oc-155">
         <name>.debug_info</name>
         <load_address>0x4682</load_address>
         <run_address>0x4682</run_address>
         <size>0xf1c</size>
         <input_file_ref idref="fl-4"/>
      </object_component>
      <object_component id="oc-33">
         <name>.debug_info</name>
         <load_address>0x559e</load_address>
         <run_address>0x559e</run_address>
         <size>0x104</size>
         <input_file_ref idref="fl-5"/>
      </object_component>
      <object_component id="oc-10">
         <name>.debug_info</name>
         <load_address>0x56a2</load_address>
         <run_address>0x56a2</run_address>
         <size>0xef</size>
         <input_file_ref idref="fl-5"/>
      </object_component>
      <object_component id="oc-2c">
         <name>.debug_info</name>
         <load_address>0x5791</load_address>
         <run_address>0x5791</run_address>
         <size>0x26b</size>
         <input_file_ref idref="fl-5"/>
      </object_component>
      <object_component id="oc-8b">
         <name>.debug_info</name>
         <load_address>0x59fc</load_address>
         <run_address>0x59fc</run_address>
         <size>0x84</size>
         <input_file_ref idref="fl-5"/>
      </object_component>
      <object_component id="oc-105">
         <name>.debug_info</name>
         <load_address>0x5a80</load_address>
         <run_address>0x5a80</run_address>
         <size>0x21d</size>
         <input_file_ref idref="fl-b"/>
      </object_component>
      <object_component id="oc-fa">
         <name>.debug_info</name>
         <load_address>0x5c9d</load_address>
         <run_address>0x5c9d</run_address>
         <size>0x225</size>
         <input_file_ref idref="fl-b"/>
      </object_component>
      <object_component id="oc-100">
         <name>.debug_info</name>
         <load_address>0x5ec2</load_address>
         <run_address>0x5ec2</run_address>
         <size>0x20d</size>
         <input_file_ref idref="fl-b"/>
      </object_component>
      <object_component id="oc-146">
         <name>.debug_info</name>
         <load_address>0x60cf</load_address>
         <run_address>0x60cf</run_address>
         <size>0x230</size>
         <input_file_ref idref="fl-c"/>
      </object_component>
      <object_component id="oc-253">
         <name>.debug_info</name>
         <load_address>0x62ff</load_address>
         <run_address>0x62ff</run_address>
         <size>0x15b</size>
         <input_file_ref idref="fl-c"/>
      </object_component>
      <object_component id="oc-11c">
         <name>.debug_info</name>
         <load_address>0x645a</load_address>
         <run_address>0x645a</run_address>
         <size>0x2a3</size>
         <input_file_ref idref="fl-c"/>
      </object_component>
      <object_component id="oc-20c">
         <name>.debug_info</name>
         <load_address>0x66fd</load_address>
         <run_address>0x66fd</run_address>
         <size>0x2b3</size>
         <input_file_ref idref="fl-c"/>
      </object_component>
      <object_component id="oc-206">
         <name>.debug_info</name>
         <load_address>0x69b0</load_address>
         <run_address>0x69b0</run_address>
         <size>0x316</size>
         <input_file_ref idref="fl-c"/>
      </object_component>
      <object_component id="oc-1c4">
         <name>.debug_info</name>
         <load_address>0x6cc6</load_address>
         <run_address>0x6cc6</run_address>
         <size>0x27b</size>
         <input_file_ref idref="fl-c"/>
      </object_component>
      <object_component id="oc-f1">
         <name>.debug_info</name>
         <load_address>0x6f41</load_address>
         <run_address>0x6f41</run_address>
         <size>0x2b7</size>
         <input_file_ref idref="fl-c"/>
      </object_component>
      <object_component id="oc-1be">
         <name>.debug_info</name>
         <load_address>0x71f8</load_address>
         <run_address>0x71f8</run_address>
         <size>0x280</size>
         <input_file_ref idref="fl-c"/>
      </object_component>
      <object_component id="oc-d4">
         <name>.debug_info</name>
         <load_address>0x7478</load_address>
         <run_address>0x7478</run_address>
         <size>0x27f</size>
         <input_file_ref idref="fl-c"/>
      </object_component>
      <object_component id="oc-da">
         <name>.debug_info</name>
         <load_address>0x76f7</load_address>
         <run_address>0x76f7</run_address>
         <size>0x28d</size>
         <input_file_ref idref="fl-c"/>
      </object_component>
      <object_component id="oc-247">
         <name>.debug_info</name>
         <load_address>0x7984</load_address>
         <run_address>0x7984</run_address>
         <size>0x20e</size>
         <input_file_ref idref="fl-d"/>
      </object_component>
      <object_component id="oc-244">
         <name>.debug_info</name>
         <load_address>0x7b92</load_address>
         <run_address>0x7b92</run_address>
         <size>0x210</size>
         <input_file_ref idref="fl-d"/>
      </object_component>
      <object_component id="oc-29a">
         <name>.debug_info</name>
         <load_address>0x7da2</load_address>
         <run_address>0x7da2</run_address>
         <size>0x157</size>
         <input_file_ref idref="fl-d"/>
      </object_component>
      <object_component id="oc-268">
         <name>.debug_info</name>
         <load_address>0x7ef9</load_address>
         <run_address>0x7ef9</run_address>
         <size>0x2c1</size>
         <input_file_ref idref="fl-d"/>
      </object_component>
      <object_component id="oc-167">
         <name>.debug_info</name>
         <load_address>0x81ba</load_address>
         <run_address>0x81ba</run_address>
         <size>0x23e</size>
         <input_file_ref idref="fl-d"/>
      </object_component>
      <object_component id="oc-14f">
         <name>.debug_info</name>
         <load_address>0x83f8</load_address>
         <run_address>0x83f8</run_address>
         <size>0x240</size>
         <input_file_ref idref="fl-d"/>
      </object_component>
      <object_component id="oc-175">
         <name>.debug_info</name>
         <load_address>0x8638</load_address>
         <run_address>0x8638</run_address>
         <size>0x268</size>
         <input_file_ref idref="fl-d"/>
      </object_component>
      <object_component id="oc-1ae">
         <name>.debug_info</name>
         <load_address>0x88a0</load_address>
         <run_address>0x88a0</run_address>
         <size>0x26a</size>
         <input_file_ref idref="fl-d"/>
      </object_component>
      <object_component id="oc-202">
         <name>.debug_info</name>
         <load_address>0x8b0a</load_address>
         <run_address>0x8b0a</run_address>
         <size>0x27f</size>
         <input_file_ref idref="fl-e"/>
      </object_component>
      <object_component id="oc-217">
         <name>.debug_info</name>
         <load_address>0x8d89</load_address>
         <run_address>0x8d89</run_address>
         <size>0x14d</size>
         <input_file_ref idref="fl-e"/>
      </object_component>
      <object_component id="oc-115">
         <name>.debug_info</name>
         <load_address>0x8ed6</load_address>
         <run_address>0x8ed6</run_address>
         <size>0x295</size>
         <input_file_ref idref="fl-e"/>
      </object_component>
      <object_component id="oc-eb">
         <name>.debug_info</name>
         <load_address>0x916b</load_address>
         <run_address>0x916b</run_address>
         <size>0x27f</size>
         <input_file_ref idref="fl-e"/>
      </object_component>
      <object_component id="oc-e5">
         <name>.debug_info</name>
         <load_address>0x93ea</load_address>
         <run_address>0x93ea</run_address>
         <size>0x27d</size>
         <input_file_ref idref="fl-e"/>
      </object_component>
      <object_component id="oc-109">
         <name>.debug_info</name>
         <load_address>0x9667</load_address>
         <run_address>0x9667</run_address>
         <size>0x2db</size>
         <input_file_ref idref="fl-e"/>
      </object_component>
      <object_component id="oc-10f">
         <name>.debug_info</name>
         <load_address>0x9942</load_address>
         <run_address>0x9942</run_address>
         <size>0x2b5</size>
         <input_file_ref idref="fl-e"/>
      </object_component>
      <object_component id="oc-27a">
         <name>.debug_info</name>
         <load_address>0x9bf7</load_address>
         <run_address>0x9bf7</run_address>
         <size>0x5f</size>
         <input_file_ref idref="fl-e"/>
      </object_component>
      <object_component id="oc-249">
         <name>.debug_info</name>
         <load_address>0x9c56</load_address>
         <run_address>0x9c56</run_address>
         <size>0x223</size>
         <input_file_ref idref="fl-f"/>
      </object_component>
      <object_component id="oc-29e">
         <name>.debug_info</name>
         <load_address>0x9e79</load_address>
         <run_address>0x9e79</run_address>
         <size>0x15a</size>
         <input_file_ref idref="fl-f"/>
      </object_component>
      <object_component id="oc-2a1">
         <name>.debug_info</name>
         <load_address>0x9fd3</load_address>
         <run_address>0x9fd3</run_address>
         <size>0x16c</size>
         <input_file_ref idref="fl-f"/>
      </object_component>
      <object_component id="oc-1ed">
         <name>.debug_info</name>
         <load_address>0xa13f</load_address>
         <run_address>0xa13f</run_address>
         <size>0x2ba</size>
         <input_file_ref idref="fl-f"/>
      </object_component>
      <object_component id="oc-272">
         <name>.debug_info</name>
         <load_address>0xa3f9</load_address>
         <run_address>0xa3f9</run_address>
         <size>0x2eb</size>
         <input_file_ref idref="fl-f"/>
      </object_component>
      <object_component id="oc-1fa">
         <name>.debug_info</name>
         <load_address>0xa6e4</load_address>
         <run_address>0xa6e4</run_address>
         <size>0x2e4</size>
         <input_file_ref idref="fl-f"/>
      </object_component>
      <object_component id="oc-1f4">
         <name>.debug_info</name>
         <load_address>0xa9c8</load_address>
         <run_address>0xa9c8</run_address>
         <size>0x294</size>
         <input_file_ref idref="fl-f"/>
      </object_component>
      <object_component id="oc-1a3">
         <name>.debug_info</name>
         <load_address>0xac5c</load_address>
         <run_address>0xac5c</run_address>
         <size>0x292</size>
         <input_file_ref idref="fl-f"/>
      </object_component>
      <object_component id="oc-17c">
         <name>.debug_info</name>
         <load_address>0xaeee</load_address>
         <run_address>0xaeee</run_address>
         <size>0x27f</size>
         <input_file_ref idref="fl-f"/>
      </object_component>
      <object_component id="oc-1b5">
         <name>.debug_info</name>
         <load_address>0xb16d</load_address>
         <run_address>0xb16d</run_address>
         <size>0x281</size>
         <input_file_ref idref="fl-f"/>
      </object_component>
      <object_component id="oc-1e8">
         <name>.debug_info</name>
         <load_address>0xb3ee</load_address>
         <run_address>0xb3ee</run_address>
         <size>0x28c</size>
         <input_file_ref idref="fl-f"/>
      </object_component>
      <object_component id="oc-229">
         <name>.debug_info</name>
         <load_address>0xb67a</load_address>
         <run_address>0xb67a</run_address>
         <size>0x227</size>
         <input_file_ref idref="fl-10"/>
      </object_component>
      <object_component id="oc-293">
         <name>.debug_info</name>
         <load_address>0xb8a1</load_address>
         <run_address>0xb8a1</run_address>
         <size>0x157</size>
         <input_file_ref idref="fl-10"/>
      </object_component>
      <object_component id="oc-296">
         <name>.debug_info</name>
         <load_address>0xb9f8</load_address>
         <run_address>0xb9f8</run_address>
         <size>0x169</size>
         <input_file_ref idref="fl-10"/>
      </object_component>
      <object_component id="oc-262">
         <name>.debug_info</name>
         <load_address>0xbb61</load_address>
         <run_address>0xbb61</run_address>
         <size>0x27e</size>
         <input_file_ref idref="fl-10"/>
      </object_component>
      <object_component id="oc-186">
         <name>.debug_info</name>
         <load_address>0xbddf</load_address>
         <run_address>0xbddf</run_address>
         <size>0x27f</size>
         <input_file_ref idref="fl-10"/>
      </object_component>
      <object_component id="oc-1e1">
         <name>.debug_info</name>
         <load_address>0xc05e</load_address>
         <run_address>0xc05e</run_address>
         <size>0x2c3</size>
         <input_file_ref idref="fl-10"/>
      </object_component>
      <object_component id="oc-15b">
         <name>.debug_info</name>
         <load_address>0xc321</load_address>
         <run_address>0xc321</run_address>
         <size>0x28f</size>
         <input_file_ref idref="fl-10"/>
      </object_component>
      <object_component id="oc-149">
         <name>.debug_info</name>
         <load_address>0xc5b0</load_address>
         <run_address>0xc5b0</run_address>
         <size>0x291</size>
         <input_file_ref idref="fl-10"/>
      </object_component>
      <object_component id="oc-18c">
         <name>.debug_info</name>
         <load_address>0xc841</load_address>
         <run_address>0xc841</run_address>
         <size>0x28d</size>
         <input_file_ref idref="fl-10"/>
      </object_component>
      <object_component id="oc-1cf">
         <name>.debug_info</name>
         <load_address>0xcace</load_address>
         <run_address>0xcace</run_address>
         <size>0x2cf</size>
         <input_file_ref idref="fl-10"/>
      </object_component>
      <object_component id="oc-1db">
         <name>.debug_info</name>
         <load_address>0xcd9d</load_address>
         <run_address>0xcd9d</run_address>
         <size>0x251</size>
         <input_file_ref idref="fl-10"/>
      </object_component>
      <object_component id="oc-1d5">
         <name>.debug_info</name>
         <load_address>0xcfee</load_address>
         <run_address>0xcfee</run_address>
         <size>0x247</size>
         <input_file_ref idref="fl-10"/>
      </object_component>
      <object_component id="oc-258">
         <name>.debug_info</name>
         <load_address>0xd235</load_address>
         <run_address>0xd235</run_address>
         <size>0x249</size>
         <input_file_ref idref="fl-10"/>
      </object_component>
      <object_component id="oc-1c9">
         <name>.debug_info</name>
         <load_address>0xd47e</load_address>
         <run_address>0xd47e</run_address>
         <size>0x326</size>
         <input_file_ref idref="fl-10"/>
      </object_component>
      <object_component id="oc-198">
         <name>.debug_info</name>
         <load_address>0xd7a4</load_address>
         <run_address>0xd7a4</run_address>
         <size>0x253</size>
         <input_file_ref idref="fl-10"/>
      </object_component>
      <object_component id="oc-161">
         <name>.debug_info</name>
         <load_address>0xd9f7</load_address>
         <run_address>0xd9f7</run_address>
         <size>0x28d</size>
         <input_file_ref idref="fl-10"/>
      </object_component>
      <object_component id="oc-192">
         <name>.debug_info</name>
         <load_address>0xdc84</load_address>
         <run_address>0xdc84</run_address>
         <size>0x263</size>
         <input_file_ref idref="fl-10"/>
      </object_component>
      <object_component id="oc-1a8">
         <name>.debug_info</name>
         <load_address>0xdee7</load_address>
         <run_address>0xdee7</run_address>
         <size>0x247</size>
         <input_file_ref idref="fl-10"/>
      </object_component>
      <object_component id="oc-236">
         <name>.debug_info</name>
         <load_address>0xe12e</load_address>
         <run_address>0xe12e</run_address>
         <size>0x212</size>
         <input_file_ref idref="fl-11"/>
      </object_component>
      <object_component id="oc-22b">
         <name>.debug_info</name>
         <load_address>0xe340</load_address>
         <run_address>0xe340</run_address>
         <size>0x20f</size>
         <input_file_ref idref="fl-11"/>
      </object_component>
      <object_component id="oc-25">
         <name>.debug_info</name>
         <load_address>0xe54f</load_address>
         <run_address>0xe54f</run_address>
         <size>0x161</size>
         <input_file_ref idref="fl-c7"/>
      </object_component>
      <object_component id="oc-3f">
         <name>.debug_info</name>
         <load_address>0xe6b0</load_address>
         <run_address>0xe6b0</run_address>
         <size>0x141</size>
         <input_file_ref idref="fl-c8"/>
      </object_component>
      <object_component id="oc-13">
         <name>.debug_info</name>
         <load_address>0xe7f1</load_address>
         <run_address>0xe7f1</run_address>
         <size>0x1e0</size>
         <input_file_ref idref="fl-c8"/>
      </object_component>
      <object_component id="oc-3a">
         <name>.debug_info</name>
         <load_address>0xe9d1</load_address>
         <run_address>0xe9d1</run_address>
         <size>0x46</size>
         <input_file_ref idref="fl-c8"/>
      </object_component>
      <object_component id="oc-84">
         <name>.debug_info</name>
         <load_address>0xea17</load_address>
         <run_address>0xea17</run_address>
         <size>0x2c</size>
         <input_file_ref idref="fl-c8"/>
      </object_component>
      <object_component id="oc-47">
         <name>.debug_info</name>
         <load_address>0xea43</load_address>
         <run_address>0xea43</run_address>
         <size>0x135</size>
         <input_file_ref idref="fl-c9"/>
      </object_component>
      <object_component id="oc-41">
         <name>.debug_info</name>
         <load_address>0xeb78</load_address>
         <run_address>0xeb78</run_address>
         <size>0x248</size>
         <input_file_ref idref="fl-c9"/>
      </object_component>
      <object_component id="oc-19">
         <name>.debug_info</name>
         <load_address>0xedc0</load_address>
         <run_address>0xedc0</run_address>
         <size>0x1b2</size>
         <input_file_ref idref="fl-c9"/>
      </object_component>
      <object_component id="oc-48">
         <name>.debug_info</name>
         <load_address>0xef72</load_address>
         <run_address>0xef72</run_address>
         <size>0x39</size>
         <input_file_ref idref="fl-c9"/>
      </object_component>
      <object_component id="oc-93">
         <name>.debug_info</name>
         <load_address>0xefab</load_address>
         <run_address>0xefab</run_address>
         <size>0x2c</size>
         <input_file_ref idref="fl-c9"/>
      </object_component>
      <object_component id="oc-ba">
         <name>.debug_info</name>
         <load_address>0xefd7</load_address>
         <run_address>0xefd7</run_address>
         <size>0x235</size>
         <input_file_ref idref="fl-cb"/>
      </object_component>
      <object_component id="oc-b4">
         <name>.debug_info</name>
         <load_address>0xf20c</load_address>
         <run_address>0xf20c</run_address>
         <size>0x186</size>
         <input_file_ref idref="fl-cb"/>
      </object_component>
      <object_component id="oc-73">
         <name>.debug_info</name>
         <load_address>0xf392</load_address>
         <run_address>0xf392</run_address>
         <size>0x215</size>
         <input_file_ref idref="fl-cb"/>
      </object_component>
      <object_component id="oc-35">
         <name>.debug_info</name>
         <load_address>0xf5a7</load_address>
         <run_address>0xf5a7</run_address>
         <size>0x112</size>
         <input_file_ref idref="fl-cc"/>
      </object_component>
      <object_component id="oc-4e">
         <name>.debug_info</name>
         <load_address>0xf6b9</load_address>
         <run_address>0xf6b9</run_address>
         <size>0x140</size>
         <input_file_ref idref="fl-cd"/>
      </object_component>
      <object_component id="oc-5a">
         <name>.debug_info</name>
         <load_address>0xf7f9</load_address>
         <run_address>0xf7f9</run_address>
         <size>0x139</size>
         <input_file_ref idref="fl-ce"/>
      </object_component>
      <object_component id="oc-60">
         <name>.debug_info</name>
         <load_address>0xf932</load_address>
         <run_address>0xf932</run_address>
         <size>0x149</size>
         <input_file_ref idref="fl-cf"/>
      </object_component>
      <object_component id="oc-78">
         <name>.debug_info</name>
         <load_address>0xfa7b</load_address>
         <run_address>0xfa7b</run_address>
         <size>0x10a</size>
         <input_file_ref idref="fl-d0"/>
      </object_component>
      <object_component id="oc-13a">
         <name>.debug_info</name>
         <load_address>0xfb85</load_address>
         <run_address>0xfb85</run_address>
         <size>0x125</size>
         <input_file_ref idref="fl-d1"/>
      </object_component>
      <object_component id="oc-b7">
         <name>.debug_info</name>
         <load_address>0xfcaa</load_address>
         <run_address>0xfcaa</run_address>
         <size>0x114</size>
         <input_file_ref idref="fl-d1"/>
      </object_component>
      <object_component id="oc-133">
         <name>.debug_info</name>
         <load_address>0xfdbe</load_address>
         <run_address>0xfdbe</run_address>
         <size>0x220</size>
         <input_file_ref idref="fl-d1"/>
      </object_component>
      <object_component id="oc-b2">
         <name>.debug_info</name>
         <load_address>0xffde</load_address>
         <run_address>0xffde</run_address>
         <size>0x167</size>
         <input_file_ref idref="fl-d2"/>
      </object_component>
      <object_component id="oc-6c">
         <name>.debug_info</name>
         <load_address>0x10145</load_address>
         <run_address>0x10145</run_address>
         <size>0x168</size>
         <input_file_ref idref="fl-d2"/>
      </object_component>
      <object_component id="oc-12b">
         <name>.debug_info</name>
         <load_address>0x102ad</load_address>
         <run_address>0x102ad</run_address>
         <size>0x5e</size>
         <input_file_ref idref="fl-d2"/>
      </object_component>
      <object_component id="oc-aa">
         <name>.debug_info</name>
         <load_address>0x1030b</load_address>
         <run_address>0x1030b</run_address>
         <size>0x2ea</size>
         <input_file_ref idref="fl-d3"/>
      </object_component>
      <object_component id="oc-66">
         <name>.debug_info</name>
         <load_address>0x105f5</load_address>
         <run_address>0x105f5</run_address>
         <size>0x191</size>
         <input_file_ref idref="fl-d3"/>
      </object_component>
      <object_component id="oc-c8">
         <name>.debug_info</name>
         <load_address>0x10786</load_address>
         <run_address>0x10786</run_address>
         <size>0x39</size>
         <input_file_ref idref="fl-d3"/>
      </object_component>
      <object_component id="oc-cd">
         <name>.debug_info</name>
         <load_address>0x107bf</load_address>
         <run_address>0x107bf</run_address>
         <size>0xcd</size>
         <input_file_ref idref="fl-d3"/>
      </object_component>
      <object_component id="oc-c4">
         <name>.debug_info</name>
         <load_address>0x1088c</load_address>
         <run_address>0x1088c</run_address>
         <size>0x1e1</size>
         <input_file_ref idref="fl-d4"/>
      </object_component>
      <object_component id="oc-9e">
         <name>.debug_info</name>
         <load_address>0x10a6d</load_address>
         <run_address>0x10a6d</run_address>
         <size>0x184</size>
         <input_file_ref idref="fl-d4"/>
      </object_component>
      <object_component id="oc-140">
         <name>.debug_info</name>
         <load_address>0x10bf1</load_address>
         <run_address>0x10bf1</run_address>
         <size>0x2c</size>
         <input_file_ref idref="fl-d4"/>
      </object_component>
      <object_component id="oc-a5">
         <name>.debug_info</name>
         <load_address>0x10c1d</load_address>
         <run_address>0x10c1d</run_address>
         <size>0x146</size>
         <input_file_ref idref="fl-d5"/>
      </object_component>
      <object_component id="oc-2d3">
         <name>.debug_info</name>
         <load_address>0x10d63</load_address>
         <run_address>0x10d63</run_address>
         <size>0xa5</size>
      </object_component>
      <object_component id="oc-21d">
         <name>.debug_line</name>
         <load_address>0x0</load_address>
         <run_address>0x0</run_address>
         <size>0xe5</size>
         <input_file_ref idref="fl-2"/>
      </object_component>
      <object_component id="oc-af">
         <name>.debug_line</name>
         <load_address>0xe5</load_address>
         <run_address>0xe5</run_address>
         <size>0xec</size>
         <input_file_ref idref="fl-2"/>
      </object_component>
      <object_component id="oc-221">
         <name>.debug_line</name>
         <load_address>0x1d1</load_address>
         <run_address>0x1d1</run_address>
         <size>0x35</size>
         <input_file_ref idref="fl-2"/>
      </object_component>
      <object_component id="oc-241">
         <name>.debug_line</name>
         <load_address>0x206</load_address>
         <run_address>0x206</run_address>
         <size>0x55</size>
         <input_file_ref idref="fl-2"/>
      </object_component>
      <object_component id="oc-c1">
         <name>.debug_line</name>
         <load_address>0x25b</load_address>
         <run_address>0x25b</run_address>
         <size>0x20</size>
         <input_file_ref idref="fl-2"/>
      </object_component>
      <object_component id="oc-81">
         <name>.debug_line</name>
         <load_address>0x27b</load_address>
         <run_address>0x27b</run_address>
         <size>0x5f</size>
         <input_file_ref idref="fl-2"/>
      </object_component>
      <object_component id="oc-23d">
         <name>.debug_line</name>
         <load_address>0x2da</load_address>
         <run_address>0x2da</run_address>
         <size>0x180</size>
         <input_file_ref idref="fl-3"/>
      </object_component>
      <object_component id="oc-e2">
         <name>.debug_line</name>
         <load_address>0x45a</load_address>
         <run_address>0x45a</run_address>
         <size>0xaaa</size>
         <input_file_ref idref="fl-3"/>
      </object_component>
      <object_component id="oc-287">
         <name>.debug_line</name>
         <load_address>0xf04</load_address>
         <run_address>0xf04</run_address>
         <size>0x5b</size>
         <input_file_ref idref="fl-4"/>
      </object_component>
      <object_component id="oc-158">
         <name>.debug_line</name>
         <load_address>0xf5f</load_address>
         <run_address>0xf5f</run_address>
         <size>0x243</size>
         <input_file_ref idref="fl-4"/>
      </object_component>
      <object_component id="oc-7d">
         <name>.debug_line</name>
         <load_address>0x11a2</load_address>
         <run_address>0x11a2</run_address>
         <size>0x41</size>
         <input_file_ref idref="fl-5"/>
      </object_component>
      <object_component id="oc-32">
         <name>.debug_line</name>
         <load_address>0x11e3</load_address>
         <run_address>0x11e3</run_address>
         <size>0x41</size>
         <input_file_ref idref="fl-5"/>
      </object_component>
      <object_component id="oc-2f">
         <name>.debug_line</name>
         <load_address>0x1224</load_address>
         <run_address>0x1224</run_address>
         <size>0xa1</size>
         <input_file_ref idref="fl-5"/>
      </object_component>
      <object_component id="oc-8e">
         <name>.debug_line</name>
         <load_address>0x12c5</load_address>
         <run_address>0x12c5</run_address>
         <size>0x20</size>
         <input_file_ref idref="fl-5"/>
      </object_component>
      <object_component id="oc-107">
         <name>.debug_line</name>
         <load_address>0x12e5</load_address>
         <run_address>0x12e5</run_address>
         <size>0x8e</size>
         <input_file_ref idref="fl-b"/>
      </object_component>
      <object_component id="oc-f7">
         <name>.debug_line</name>
         <load_address>0x1373</load_address>
         <run_address>0x1373</run_address>
         <size>0x91</size>
         <input_file_ref idref="fl-b"/>
      </object_component>
      <object_component id="oc-fe">
         <name>.debug_line</name>
         <load_address>0x1404</load_address>
         <run_address>0x1404</run_address>
         <size>0x8e</size>
         <input_file_ref idref="fl-b"/>
      </object_component>
      <object_component id="oc-227">
         <name>.debug_line</name>
         <load_address>0x1492</load_address>
         <run_address>0x1492</run_address>
         <size>0x82</size>
         <input_file_ref idref="fl-c"/>
      </object_component>
      <object_component id="oc-290">
         <name>.debug_line</name>
         <load_address>0x1514</load_address>
         <run_address>0x1514</run_address>
         <size>0x7d</size>
         <input_file_ref idref="fl-c"/>
      </object_component>
      <object_component id="oc-11f">
         <name>.debug_line</name>
         <load_address>0x1591</load_address>
         <run_address>0x1591</run_address>
         <size>0x92</size>
         <input_file_ref idref="fl-c"/>
      </object_component>
      <object_component id="oc-20f">
         <name>.debug_line</name>
         <load_address>0x1623</load_address>
         <run_address>0x1623</run_address>
         <size>0x95</size>
         <input_file_ref idref="fl-c"/>
      </object_component>
      <object_component id="oc-209">
         <name>.debug_line</name>
         <load_address>0x16b8</load_address>
         <run_address>0x16b8</run_address>
         <size>0xd1</size>
         <input_file_ref idref="fl-c"/>
      </object_component>
      <object_component id="oc-1c7">
         <name>.debug_line</name>
         <load_address>0x1789</load_address>
         <run_address>0x1789</run_address>
         <size>0x93</size>
         <input_file_ref idref="fl-c"/>
      </object_component>
      <object_component id="oc-f4">
         <name>.debug_line</name>
         <load_address>0x181c</load_address>
         <run_address>0x181c</run_address>
         <size>0x99</size>
         <input_file_ref idref="fl-c"/>
      </object_component>
      <object_component id="oc-1bd">
         <name>.debug_line</name>
         <load_address>0x18b5</load_address>
         <run_address>0x18b5</run_address>
         <size>0xa7</size>
         <input_file_ref idref="fl-c"/>
      </object_component>
      <object_component id="oc-d3">
         <name>.debug_line</name>
         <load_address>0x195c</load_address>
         <run_address>0x195c</run_address>
         <size>0x92</size>
         <input_file_ref idref="fl-c"/>
      </object_component>
      <object_component id="oc-d9">
         <name>.debug_line</name>
         <load_address>0x19ee</load_address>
         <run_address>0x19ee</run_address>
         <size>0x92</size>
         <input_file_ref idref="fl-c"/>
      </object_component>
      <object_component id="oc-28c">
         <name>.debug_line</name>
         <load_address>0x1a80</load_address>
         <run_address>0x1a80</run_address>
         <size>0x7c</size>
         <input_file_ref idref="fl-d"/>
      </object_component>
      <object_component id="oc-28a">
         <name>.debug_line</name>
         <load_address>0x1afc</load_address>
         <run_address>0x1afc</run_address>
         <size>0x82</size>
         <input_file_ref idref="fl-d"/>
      </object_component>
      <object_component id="oc-2a9">
         <name>.debug_line</name>
         <load_address>0x1b7e</load_address>
         <run_address>0x1b7e</run_address>
         <size>0x82</size>
         <input_file_ref idref="fl-d"/>
      </object_component>
      <object_component id="oc-26b">
         <name>.debug_line</name>
         <load_address>0x1c00</load_address>
         <run_address>0x1c00</run_address>
         <size>0xaf</size>
         <input_file_ref idref="fl-d"/>
      </object_component>
      <object_component id="oc-16a">
         <name>.debug_line</name>
         <load_address>0x1caf</load_address>
         <run_address>0x1caf</run_address>
         <size>0x97</size>
         <input_file_ref idref="fl-d"/>
      </object_component>
      <object_component id="oc-152">
         <name>.debug_line</name>
         <load_address>0x1d46</load_address>
         <run_address>0x1d46</run_address>
         <size>0x97</size>
         <input_file_ref idref="fl-d"/>
      </object_component>
      <object_component id="oc-178">
         <name>.debug_line</name>
         <load_address>0x1ddd</load_address>
         <run_address>0x1ddd</run_address>
         <size>0xc2</size>
         <input_file_ref idref="fl-d"/>
      </object_component>
      <object_component id="oc-1b1">
         <name>.debug_line</name>
         <load_address>0x1e9f</load_address>
         <run_address>0x1e9f</run_address>
         <size>0xc2</size>
         <input_file_ref idref="fl-d"/>
      </object_component>
      <object_component id="oc-279">
         <name>.debug_line</name>
         <load_address>0x1f61</load_address>
         <run_address>0x1f61</run_address>
         <size>0x13d</size>
         <input_file_ref idref="fl-e"/>
      </object_component>
      <object_component id="oc-282">
         <name>.debug_line</name>
         <load_address>0x209e</load_address>
         <run_address>0x209e</run_address>
         <size>0x7f</size>
         <input_file_ref idref="fl-e"/>
      </object_component>
      <object_component id="oc-118">
         <name>.debug_line</name>
         <load_address>0x211d</load_address>
         <run_address>0x211d</run_address>
         <size>0xa7</size>
         <input_file_ref idref="fl-e"/>
      </object_component>
      <object_component id="oc-ee">
         <name>.debug_line</name>
         <load_address>0x21c4</load_address>
         <run_address>0x21c4</run_address>
         <size>0x94</size>
         <input_file_ref idref="fl-e"/>
      </object_component>
      <object_component id="oc-e8">
         <name>.debug_line</name>
         <load_address>0x2258</load_address>
         <run_address>0x2258</run_address>
         <size>0x94</size>
         <input_file_ref idref="fl-e"/>
      </object_component>
      <object_component id="oc-10c">
         <name>.debug_line</name>
         <load_address>0x22ec</load_address>
         <run_address>0x22ec</run_address>
         <size>0xee</size>
         <input_file_ref idref="fl-e"/>
      </object_component>
      <object_component id="oc-112">
         <name>.debug_line</name>
         <load_address>0x23da</load_address>
         <run_address>0x23da</run_address>
         <size>0x11a</size>
         <input_file_ref idref="fl-e"/>
      </object_component>
      <object_component id="oc-27d">
         <name>.debug_line</name>
         <load_address>0x24f4</load_address>
         <run_address>0x24f4</run_address>
         <size>0x7f</size>
         <input_file_ref idref="fl-e"/>
      </object_component>
      <object_component id="oc-28e">
         <name>.debug_line</name>
         <load_address>0x2573</load_address>
         <run_address>0x2573</run_address>
         <size>0x82</size>
         <input_file_ref idref="fl-f"/>
      </object_component>
      <object_component id="oc-2ab">
         <name>.debug_line</name>
         <load_address>0x25f5</load_address>
         <run_address>0x25f5</run_address>
         <size>0x7e</size>
         <input_file_ref idref="fl-f"/>
      </object_component>
      <object_component id="oc-2ad">
         <name>.debug_line</name>
         <load_address>0x2673</load_address>
         <run_address>0x2673</run_address>
         <size>0x7e</size>
         <input_file_ref idref="fl-f"/>
      </object_component>
      <object_component id="oc-1f0">
         <name>.debug_line</name>
         <load_address>0x26f1</load_address>
         <run_address>0x26f1</run_address>
         <size>0x9c</size>
         <input_file_ref idref="fl-f"/>
      </object_component>
      <object_component id="oc-275">
         <name>.debug_line</name>
         <load_address>0x278d</load_address>
         <run_address>0x278d</run_address>
         <size>0xaf</size>
         <input_file_ref idref="fl-f"/>
      </object_component>
      <object_component id="oc-1fd">
         <name>.debug_line</name>
         <load_address>0x283c</load_address>
         <run_address>0x283c</run_address>
         <size>0x9a</size>
         <input_file_ref idref="fl-f"/>
      </object_component>
      <object_component id="oc-1f7">
         <name>.debug_line</name>
         <load_address>0x28d6</load_address>
         <run_address>0x28d6</run_address>
         <size>0x93</size>
         <input_file_ref idref="fl-f"/>
      </object_component>
      <object_component id="oc-1a6">
         <name>.debug_line</name>
         <load_address>0x2969</load_address>
         <run_address>0x2969</run_address>
         <size>0x93</size>
         <input_file_ref idref="fl-f"/>
      </object_component>
      <object_component id="oc-17f">
         <name>.debug_line</name>
         <load_address>0x29fc</load_address>
         <run_address>0x29fc</run_address>
         <size>0x93</size>
         <input_file_ref idref="fl-f"/>
      </object_component>
      <object_component id="oc-1b8">
         <name>.debug_line</name>
         <load_address>0x2a8f</load_address>
         <run_address>0x2a8f</run_address>
         <size>0x93</size>
         <input_file_ref idref="fl-f"/>
      </object_component>
      <object_component id="oc-1eb">
         <name>.debug_line</name>
         <load_address>0x2b22</load_address>
         <run_address>0x2b22</run_address>
         <size>0xb7</size>
         <input_file_ref idref="fl-f"/>
      </object_component>
      <object_component id="oc-284">
         <name>.debug_line</name>
         <load_address>0x2bd9</load_address>
         <run_address>0x2bd9</run_address>
         <size>0x82</size>
         <input_file_ref idref="fl-10"/>
      </object_component>
      <object_component id="oc-2a5">
         <name>.debug_line</name>
         <load_address>0x2c5b</load_address>
         <run_address>0x2c5b</run_address>
         <size>0x7d</size>
         <input_file_ref idref="fl-10"/>
      </object_component>
      <object_component id="oc-2a7">
         <name>.debug_line</name>
         <load_address>0x2cd8</load_address>
         <run_address>0x2cd8</run_address>
         <size>0x7d</size>
         <input_file_ref idref="fl-10"/>
      </object_component>
      <object_component id="oc-265">
         <name>.debug_line</name>
         <load_address>0x2d55</load_address>
         <run_address>0x2d55</run_address>
         <size>0xa5</size>
         <input_file_ref idref="fl-10"/>
      </object_component>
      <object_component id="oc-189">
         <name>.debug_line</name>
         <load_address>0x2dfa</load_address>
         <run_address>0x2dfa</run_address>
         <size>0x92</size>
         <input_file_ref idref="fl-10"/>
      </object_component>
      <object_component id="oc-1e4">
         <name>.debug_line</name>
         <load_address>0x2e8c</load_address>
         <run_address>0x2e8c</run_address>
         <size>0x99</size>
         <input_file_ref idref="fl-10"/>
      </object_component>
      <object_component id="oc-15e">
         <name>.debug_line</name>
         <load_address>0x2f25</load_address>
         <run_address>0x2f25</run_address>
         <size>0x92</size>
         <input_file_ref idref="fl-10"/>
      </object_component>
      <object_component id="oc-14c">
         <name>.debug_line</name>
         <load_address>0x2fb7</load_address>
         <run_address>0x2fb7</run_address>
         <size>0x92</size>
         <input_file_ref idref="fl-10"/>
      </object_component>
      <object_component id="oc-18f">
         <name>.debug_line</name>
         <load_address>0x3049</load_address>
         <run_address>0x3049</run_address>
         <size>0x92</size>
         <input_file_ref idref="fl-10"/>
      </object_component>
      <object_component id="oc-1d2">
         <name>.debug_line</name>
         <load_address>0x30db</load_address>
         <run_address>0x30db</run_address>
         <size>0x92</size>
         <input_file_ref idref="fl-10"/>
      </object_component>
      <object_component id="oc-1de">
         <name>.debug_line</name>
         <load_address>0x316d</load_address>
         <run_address>0x316d</run_address>
         <size>0x92</size>
         <input_file_ref idref="fl-10"/>
      </object_component>
      <object_component id="oc-1d8">
         <name>.debug_line</name>
         <load_address>0x31ff</load_address>
         <run_address>0x31ff</run_address>
         <size>0x93</size>
         <input_file_ref idref="fl-10"/>
      </object_component>
      <object_component id="oc-25b">
         <name>.debug_line</name>
         <load_address>0x3292</load_address>
         <run_address>0x3292</run_address>
         <size>0x96</size>
         <input_file_ref idref="fl-10"/>
      </object_component>
      <object_component id="oc-1cc">
         <name>.debug_line</name>
         <load_address>0x3328</load_address>
         <run_address>0x3328</run_address>
         <size>0xb3</size>
         <input_file_ref idref="fl-10"/>
      </object_component>
      <object_component id="oc-19b">
         <name>.debug_line</name>
         <load_address>0x33db</load_address>
         <run_address>0x33db</run_address>
         <size>0x92</size>
         <input_file_ref idref="fl-10"/>
      </object_component>
      <object_component id="oc-164">
         <name>.debug_line</name>
         <load_address>0x346d</load_address>
         <run_address>0x346d</run_address>
         <size>0x97</size>
         <input_file_ref idref="fl-10"/>
      </object_component>
      <object_component id="oc-195">
         <name>.debug_line</name>
         <load_address>0x3504</load_address>
         <run_address>0x3504</run_address>
         <size>0x92</size>
         <input_file_ref idref="fl-10"/>
      </object_component>
      <object_component id="oc-1ab">
         <name>.debug_line</name>
         <load_address>0x3596</load_address>
         <run_address>0x3596</run_address>
         <size>0x92</size>
         <input_file_ref idref="fl-10"/>
      </object_component>
      <object_component id="oc-239">
         <name>.debug_line</name>
         <load_address>0x3628</load_address>
         <run_address>0x3628</run_address>
         <size>0x91</size>
         <input_file_ref idref="fl-11"/>
      </object_component>
      <object_component id="oc-22e">
         <name>.debug_line</name>
         <load_address>0x36b9</load_address>
         <run_address>0x36b9</run_address>
         <size>0x91</size>
         <input_file_ref idref="fl-11"/>
      </object_component>
      <object_component id="oc-28">
         <name>.debug_line</name>
         <load_address>0x374a</load_address>
         <run_address>0x374a</run_address>
         <size>0x53</size>
         <input_file_ref idref="fl-c7"/>
      </object_component>
      <object_component id="oc-8a">
         <name>.debug_line</name>
         <load_address>0x379d</load_address>
         <run_address>0x379d</run_address>
         <size>0x8a</size>
         <input_file_ref idref="fl-c8"/>
      </object_component>
      <object_component id="oc-16">
         <name>.debug_line</name>
         <load_address>0x3827</load_address>
         <run_address>0x3827</run_address>
         <size>0x55</size>
         <input_file_ref idref="fl-c8"/>
      </object_component>
      <object_component id="oc-3d">
         <name>.debug_line</name>
         <load_address>0x387c</load_address>
         <run_address>0x387c</run_address>
         <size>0x3a</size>
         <input_file_ref idref="fl-c8"/>
      </object_component>
      <object_component id="oc-87">
[...]
         <name>g_rbRemoTIRxRingBuf</name>
         <value>0x20000b94</value>
      </symbol>
      <symbol id="sm-22d">
         <name>g_rbRemoTITxRingBuf</name>
         <value>0x20000ba4</value>
      </symbol>
      <symbol id="sm-22e">
         <name>g_pui8RxBuf</name>
         <value>0x20000980</value>
      </symbol>
      <symbol id="sm-22f">
         <name>g_pui8TxBuf</name>
         <value>0x20000a80</value>
      </symbol>
      <symbol id="sm-230">
         <name>g_pui8MbReqPDU</name>
         <value>0x20000880</value>
      </symbol>
      <symbol id="sm-231">
         <name>g_pui8MBRsp</name>
         <value>0x20000780</value>
      </symbol>
      <symbol id="sm-232">
         <name>DataFieldUnRegister</name>
         <value>0x1945</value>
         <object_component_ref idref="oc-de"/>
      </symbol>
      <symbol id="sm-233">
         <name>Fcode15</name>
         <value>0xd41</value>
         <object_component_ref idref="oc-de"/>
      </symbol>
      <symbol id="sm-234">
         <name>Fcode16</name>
         <value>0xf91</value>
         <object_component_ref idref="oc-de"/>
      </symbol>
      <symbol id="sm-235">
         <name>ReadCoil</name>
         <value>0x1cfd</value>
         <object_component_ref idref="oc-de"/>
      </symbol>
      <symbol id="sm-236">
         <name>BitWriteByte</name>
         <value>0x26d</value>
         <object_component_ref idref="oc-de"/>
      </symbol>
      <symbol id="sm-237">
         <name>Fcode05</name>
         <value>0xa85</value>
         <object_component_ref idref="oc-de"/>
      </symbol>
      <symbol id="sm-238">
         <name>Fcode06</name>
         <value>0xc25</value>
         <object_component_ref idref="oc-de"/>
      </symbol>
      <symbol id="sm-239">
         <name>Timer0AIntHandler</name>
         <value>0x148b</value>
         <object_component_ref idref="oc-de"/>
      </symbol>
      <symbol id="sm-23a">
         <name>CRCCheck</name>
         <value>0x3f1</value>
         <object_component_ref idref="oc-de"/>
      </symbol>
      <symbol id="sm-23b">
         <name>BitWriteWord</name>
         <value>0x2e3</value>
         <object_component_ref idref="oc-de"/>
      </symbol>
      <symbol id="sm-23c">
         <name>ReadWord</name>
         <value>0x1a21</value>
         <object_component_ref idref="oc-de"/>
      </symbol>
      <symbol id="sm-23d">
         <name>DataFieldRegister</name>
         <value>0x1139</value>
         <object_component_ref idref="oc-de"/>
      </symbol>
      <symbol id="sm-23e">
         <name>UARTIntHandler</name>
         <value>0x11dd</value>
         <object_component_ref idref="oc-de"/>
      </symbol>
      <symbol id="sm-23f">
         <name>Timer1AIntHandler</name>
         <value>0x14d9</value>
         <object_component_ref idref="oc-de"/>
      </symbol>
      <symbol id="sm-240">
         <name>TxRxEnablePin</name>
         <value>0x19e5</value>
         <object_component_ref idref="oc-de"/>
      </symbol>
      <symbol id="sm-241">
         <name>CRCCalculator</name>
         <value>0x35d</value>
         <object_component_ref idref="oc-de"/>
      </symbol>
      <symbol id="sm-242">
         <name>ConfigSerial</name>
         <value>0x1549</value>
         <object_component_ref idref="oc-de"/>
      </symbol>
      <symbol id="sm-243">
         <name>ReadDWord</name>
         <value>0x1a91</value>
         <object_component_ref idref="oc-de"/>
      </symbol>
      <symbol id="sm-244">
         <name>ReadBit</name>
         <value>0x525</value>
         <object_component_ref idref="oc-de"/>
      </symbol>
      <symbol id="sm-245">
         <name>WriteDWord</name>
         <value>0x1c0d</value>
         <object_component_ref idref="oc-de"/>
      </symbol>
      <symbol id="sm-246">
         <name>PutMsg</name>
         <value>0x463</value>
         <object_component_ref idref="oc-de"/>
      </symbol>
      <symbol id="sm-247">
         <name>WriteWord</name>
         <value>0x1b99</value>
         <object_component_ref idref="oc-de"/>
      </symbol>
      <symbol id="sm-248">
         <name>WriteCoil</name>
         <value>0x1e55</value>
         <object_component_ref idref="oc-de"/>
      </symbol>
      <symbol id="sm-249">
         <name>ReadRegister</name>
         <value>0x839</value>
         <object_component_ref idref="oc-de"/>
      </symbol>
      <symbol id="sm-281">
         <name>RingBufAdvanceRead</name>
         <value>0x2263</value>
         <object_component_ref idref="oc-154"/>
      </symbol>
      <symbol id="sm-282">
         <name>RingBufInit</name>
         <value>0x2361</value>
         <object_component_ref idref="oc-154"/>
      </symbol>
      <symbol id="sm-283">
         <name>RingBufFull</name>
         <value>0x20c3</value>
         <object_component_ref idref="oc-154"/>
      </symbol>
      <symbol id="sm-284">
         <name>RingBufSize</name>
         <value>0x21f9</value>
         <object_component_ref idref="oc-154"/>
      </symbol>
      <symbol id="sm-285">
         <name>RingBufContigFree</name>
         <value>0x21bd</value>
         <object_component_ref idref="oc-154"/>
      </symbol>
      <symbol id="sm-286">
         <name>RingBufWriteOne</name>
         <value>0x2305</value>
         <object_component_ref idref="oc-154"/>
      </symbol>
      <symbol id="sm-287">
         <name>RingBufFlush</name>
         <value>0x2127</value>
         <object_component_ref idref="oc-154"/>
      </symbol>
      <symbol id="sm-288">
         <name>RingBufContigUsed</name>
         <value>0x218f</value>
         <object_component_ref idref="oc-154"/>
      </symbol>
      <symbol id="sm-289">
         <name>RingBufWrite</name>
         <value>0x232b</value>
         <object_component_ref idref="oc-154"/>
      </symbol>
      <symbol id="sm-28a">
         <name>RingBufFree</name>
         <value>0x2179</value>
         <object_component_ref idref="oc-154"/>
      </symbol>
      <symbol id="sm-28b">
         <name>RingBufRead</name>
         <value>0x222d</value>
         <object_component_ref idref="oc-154"/>
      </symbol>
      <symbol id="sm-28c">
         <name>RingBufReadOne</name>
         <value>0x2207</value>
         <object_component_ref idref="oc-154"/>
      </symbol>
      <symbol id="sm-28d">
         <name>RingBufUsed</name>
         <value>0x2147</value>
         <object_component_ref idref="oc-154"/>
      </symbol>
      <symbol id="sm-28e">
         <name>RingBufEmpty</name>
         <value>0x20fd</value>
         <object_component_ref idref="oc-154"/>
      </symbol>
      <symbol id="sm-28f">
         <name>RingBufAdvanceWrite</name>
         <value>0x2291</value>
         <object_component_ref idref="oc-154"/>
      </symbol>
      <symbol id="sm-2b0">
         <name>ResetISR</name>
         <value>0x307d</value>
         <object_component_ref idref="oc-2b"/>
      </symbol>
      <symbol id="sm-2b1">
         <name>g_pfnVectors</name>
         <value>0x0</value>
         <object_component_ref idref="oc-f"/>
      </symbol>
      <symbol id="sm-2d1">
         <name>FPULazyStackingEnable</name>
         <value>0x2fe1</value>
         <object_component_ref idref="oc-f6"/>
      </symbol>
      <symbol id="sm-2d2">
         <name>FPUStackingEnable</name>
         <value>0x2f71</value>
         <object_component_ref idref="oc-102"/>
      </symbol>
      <symbol id="sm-2d3">
         <name>FPUEnable</name>
         <value>0x2fd1</value>
         <object_component_ref idref="oc-fc"/>
      </symbol>
      <symbol id="sm-325">
         <name>GPIOPinConfigure</name>
         <value>0x2d3d</value>
         <object_component_ref idref="oc-1bc"/>
      </symbol>
      <symbol id="sm-326">
         <name>GPIOIntClear</name>
         <value>0x30bf</value>
         <object_component_ref idref="oc-d8"/>
      </symbol>
      <symbol id="sm-327">
         <name>GPIOPinTypeUART</name>
         <value>0x2fad</value>
         <object_component_ref idref="oc-1c2"/>
      </symbol>
      <symbol id="sm-328">
         <name>GPIOIntStatus</name>
         <value>0x3011</value>
         <object_component_ref idref="oc-d2"/>
      </symbol>
      <symbol id="sm-329">
         <name>GPIOPinTypeGPIOOutput</name>
         <value>0x2ef9</value>
         <object_component_ref idref="oc-f0"/>
      </symbol>
      <symbol id="sm-32a">
         <name>GPIODirModeSet</name>
         <value>0x2ead</value>
         <object_component_ref idref="oc-20a"/>
      </symbol>
      <symbol id="sm-32b">
         <name>GPIOPinWrite</name>
         <value>0x30c5</value>
         <object_component_ref idref="oc-11a"/>
      </symbol>
      <symbol id="sm-32c">
         <name>GPIOPadConfigSet</name>
         <value>0x2551</value>
         <object_component_ref idref="oc-204"/>
      </symbol>
      <symbol id="sm-38a">
         <name>IntEnable</name>
         <value>0x2ae5</value>
         <object_component_ref idref="oc-174"/>
      </symbol>
      <symbol id="sm-38b">
         <name>IntDisable</name>
         <value>0x2a7d</value>
         <object_component_ref idref="oc-1ad"/>
      </symbol>
      <symbol id="sm-38c">
         <name>IntRegister</name>
         <value>0x2e45</value>
         <object_component_ref idref="oc-267"/>
      </symbol>
      <symbol id="sm-38d">
         <name>IntMasterDisable</name>
         <value>0x2ff1</value>
         <object_component_ref idref="oc-14e"/>
      </symbol>
      <symbol id="sm-38e">
         <name>g_pfnRAMVectors</name>
         <value>0x20000000</value>
         <object_component_ref idref="oc-299"/>
      </symbol>
      <symbol id="sm-38f">
         <name>IntMasterEnable</name>
         <value>0x3001</value>
         <object_component_ref idref="oc-166"/>
      </symbol>
      <symbol id="sm-3f8">
         <name>SysCtlClockSet</name>
         <value>0x2795</value>
         <object_component_ref idref="oc-108"/>
      </symbol>
      <symbol id="sm-3f9">
         <name>SysCtlDelay</name>
         <value>0x30cb</value>
         <object_component_ref idref="oc-214"/>
      </symbol>
      <symbol id="sm-3fa">
         <name>SysCtlPeripheralEnable</name>
         <value>0x2e79</value>
         <object_component_ref idref="oc-e4"/>
      </symbol>
      <symbol id="sm-3fb">
         <name>SysCtlClockGet</name>
         <value>0x2685</value>
         <object_component_ref idref="oc-10e"/>
      </symbol>
      <symbol id="sm-3fc">
         <name>SysCtlPeripheralReady</name>
         <value>0x2e0d</value>
         <object_component_ref idref="oc-ea"/>
      </symbol>
      <symbol id="sm-3fd">
         <name>SysCtlPeripheralReset</name>
         <value>0x2c55</value>
         <object_component_ref idref="oc-114"/>
      </symbol>
      <symbol id="sm-462">
         <name>TimerLoadSet</name>
         <value>0x2fbf</value>
         <object_component_ref idref="oc-1ec"/>
      </symbol>
      <symbol id="sm-463">
         <name>TimerDisable</name>
         <value>0x2f11</value>
         <object_component_ref idref="oc-1b3"/>
      </symbol>
      <symbol id="sm-464">
         <name>TimerIntRegister</name>
         <value>0x2f29</value>
         <object_component_ref idref="oc-1f8"/>
      </symbol>
      <symbol id="sm-465">
         <name>TimerEnable</name>
         <value>0x301f</value>
         <object_component_ref idref="oc-17a"/>
      </symbol>
      <symbol id="sm-466">
         <name>TimerIntEnable</name>
         <value>0x30a7</value>
         <object_component_ref idref="oc-1f2"/>
      </symbol>
      <symbol id="sm-467">
         <name>TimerConfigure</name>
         <value>0x2b4d</value>
         <object_component_ref idref="oc-1e6"/>
      </symbol>
      <symbol id="sm-468">
         <name>TimerIntClear</name>
         <value>0x30dd</value>
         <object_component_ref idref="oc-1a1"/>
      </symbol>
      <symbol id="sm-500">
         <name>UARTCharPutNonBlocking</name>
         <value>0x303b</value>
         <object_component_ref idref="oc-160"/>
      </symbol>
      <symbol id="sm-501">
         <name>UARTFIFODisable</name>
         <value>0x3089</value>
         <object_component_ref idref="oc-1da"/>
      </symbol>
      <symbol id="sm-502">
         <name>UARTConfigSetExpClk</name>
         <value>0x2d85</value>
         <object_component_ref idref="oc-1c8"/>
      </symbol>
      <symbol id="sm-503">
         <name>UARTDisable</name>
         <value>0x2ed9</value>
         <object_component_ref idref="oc-257"/>
      </symbol>
      <symbol id="sm-504">
         <name>UARTBusy</name>
         <value>0x30af</value>
         <object_component_ref idref="oc-1a7"/>
      </symbol>
      <symbol id="sm-505">
         <name>UARTIntEnable</name>
         <value>0x30b7</value>
         <object_component_ref idref="oc-15a"/>
      </symbol>
      <symbol id="sm-506">
         <name>UARTCharsAvail</name>
         <value>0x3049</value>
         <object_component_ref idref="oc-197"/>
      </symbol>
      <symbol id="sm-507">
         <name>UARTCharGetNonBlocking</name>
         <value>0x302d</value>
         <object_component_ref idref="oc-191"/>
      </symbol>
      <symbol id="sm-508">
         <name>UARTIntDisable</name>
         <value>0x3093</value>
         <object_component_ref idref="oc-148"/>
      </symbol>
      <symbol id="sm-509">
         <name>UARTEnable</name>
         <value>0x2f85</value>
         <object_component_ref idref="oc-1d4"/>
      </symbol>
      <symbol id="sm-50a">
         <name>UARTIntClear</name>
         <value>0x30e1</value>
         <object_component_ref idref="oc-18b"/>
      </symbol>
      <symbol id="sm-50b">
         <name>UARTIntStatus</name>
         <value>0x309d</value>
         <object_component_ref idref="oc-185"/>
      </symbol>
      <symbol id="sm-50c">
         <name>UARTFIFOLevelSet</name>
         <value>0x30d1</value>
         <object_component_ref idref="oc-1ce"/>
      </symbol>
      <symbol id="sm-50d">
         <name>UARTIntRegister</name>
         <value>0x2f41</value>
         <object_component_ref idref="oc-1e0"/>
      </symbol>
      <symbol id="sm-51f">
         <name>CPUcpsie</name>
         <value>0x3071</value>
         <object_component_ref idref="oc-235"/>
      </symbol>
      <symbol id="sm-520">
         <name>CPUcpsid</name>
         <value>0x3065</value>
         <object_component_ref idref="oc-22a"/>
      </symbol>
      <symbol id="sm-531">
         <name>_c_int00</name>
         <value>0x2bad</value>
         <object_component_ref idref="oc-24"/>
      </symbol>
      <symbol id="sm-532">
         <name>__stack</name>
         <value>0x20000bec</value>
         <object_component_ref idref="oc-2a"/>
      </symbol>
      <symbol id="sm-549">
         <name>__TI_decompress_none</name>
         <value>0x3057</value>
         <object_component_ref idref="oc-12"/>
      </symbol>
      <symbol id="sm-571">
         <name>__TI_decompress_rle24</name>
         <value>0x30d7</value>
         <object_component_ref idref="oc-18"/>
      </symbol>
      <symbol id="sm-593">
         <name>C$$EXIT</name>
         <value>0x2c01</value>
         <object_component_ref idref="oc-71"/>
      </symbol>
      <symbol id="sm-594">
         <name>abort</name>
         <value>0x2c05</value>
         <object_component_ref idref="oc-71"/>
      </symbol>
      <symbol id="sm-595">
         <name>exit</name>
         <value>0x2c0d</value>
         <object_component_ref idref="oc-71"/>
      </symbol>
      <symbol id="sm-596">
         <name>__TI_dtors_ptr</name>
         <value>0x20000df0</value>
         <object_component_ref idref="oc-b3"/>
      </symbol>
      <symbol id="sm-597">
         <name>__TI_cleanup_ptr</name>
         <value>0x20000dec</value>
         <object_component_ref idref="oc-b3"/>
      </symbol>
      <symbol id="sm-598">
         <name>__TI_enable_exit_profile_output</name>
         <value>0x20000df4</value>
         <object_component_ref idref="oc-b3"/>
      </symbol>
      <symbol id="sm-5b3">
         <name>memcpy</name>
         <value>0x2889</value>
         <object_component_ref idref="oc-34"/>
      </symbol>
      <symbol id="sm-5b4">
         <name>__aeabi_memcpy</name>
         <value>0x2889</value>
         <object_component_ref idref="oc-34"/>
      </symbol>
      <symbol id="sm-5b5">
         <name>__aeabi_memcpy8</name>
         <value>0x2889</value>
         <object_component_ref idref="oc-34"/>
      </symbol>
      <symbol id="sm-5b6">
         <name>__aeabi_memcpy4</name>
         <value>0x2889</value>
         <object_component_ref idref="oc-34"/>
      </symbol>
      <symbol id="sm-5c5">
         <name>__aeabi_memset</name>
         <value>0x2927</value>
         <object_component_ref idref="oc-4d"/>
      </symbol>
      <symbol id="sm-5c6">
         <name>memset</name>
         <value>0x292d</value>
         <object_component_ref idref="oc-4d"/>
      </symbol>
      <symbol id="sm-5c7">
         <name>__aeabi_memset8</name>
         <value>0x2927</value>
         <object_component_ref idref="oc-4d"/>
      </symbol>
      <symbol id="sm-5c8">
         <name>__aeabi_memset4</name>
         <value>0x2927</value>
         <object_component_ref idref="oc-4d"/>
      </symbol>
      <symbol id="sm-5c9">
         <name>__aeabi_memclr8</name>
         <value>0x2925</value>
         <object_component_ref idref="oc-4d"/>
      </symbol>
      <symbol id="sm-5ca">
         <name>__aeabi_memclr4</name>
         <value>0x2925</value>
         <object_component_ref idref="oc-4d"/>
      </symbol>
      <symbol id="sm-5cb">
         <name>__aeabi_memclr</name>
         <value>0x2925</value>
         <object_component_ref idref="oc-4d"/>
      </symbol>
      <symbol id="sm-5d5">
         <name>__mpu_init</name>
         <value>0x2683</value>
         <object_component_ref idref="oc-59"/>
      </symbol>
      <symbol id="sm-5df">
         <name>_system_pre_init</name>
         <value>0x30e5</value>
         <object_component_ref idref="oc-5f"/>
      </symbol>
      <symbol id="sm-5e7">
         <name>main_func_sp</name>
         <value>0x20000e00</value>
         <object_component_ref idref="oc-77"/>
      </symbol>
      <symbol id="sm-600">
         <name>_nop</name>
         <value>0x2fa7</value>
         <object_component_ref idref="oc-132"/>
      </symbol>
      <symbol id="sm-601">
         <name>_lock</name>
         <value>0x20000df8</value>
         <object_component_ref idref="oc-b6"/>
      </symbol>
      <symbol id="sm-602">
         <name>_unlock</name>
         <value>0x20000dfc</value>
         <object_component_ref idref="oc-b6"/>
      </symbol>
      <symbol id="sm-603">
         <name>_register_lock</name>
         <value>0x2f9f</value>
         <object_component_ref idref="oc-132"/>
      </symbol>
      <symbol id="sm-604">
         <name>_register_unlock</name>
         <value>0x2f99</value>
         <object_component_ref idref="oc-132"/>
      </symbol>
      <symbol id="sm-618">
         <name>_args_main</name>
         <value>0x2f59</value>
         <object_component_ref idref="oc-6b"/>
      </symbol>
      <symbol id="sm-63d">
         <name>__TI_auto_init</name>
         <value>0x29a1</value>
         <object_component_ref idref="oc-65"/>
      </symbol>
      <symbol id="sm-657">
         <name>copy_in</name>
         <value>0x2cf1</value>
         <object_component_ref idref="oc-9d"/>
      </symbol>
      <symbol id="sm-661">
         <name>_system_post_cinit</name>
         <value>0x299f</value>
         <object_component_ref idref="oc-a3"/>
      </symbol>
      <symbol id="sm-662">
         <name>__TI_static_base__</name>
         <value>0x0</value>
      </symbol>
      <symbol id="sm-665">
         <name>SHT$$INIT_ARRAY$$Limit</name>
         <value>0x0</value>
      </symbol>
      <symbol id="sm-666">
         <name>SHT$$INIT_ARRAY$$Base</name>
         <value>0x0</value>
      </symbol>
   </symbol_table>
   <title>Link successful</title>
</link_info>
