******************************************************************************
                  TI ARM Linker PC v15.12.3                    
******************************************************************************
>> Linked Wed Aug 10 19:25:34 2016

OUTPUT FILE NAME:   <Modbus_Slave_TM4C123G.out>
ENTRY POINT SYMBOL: "_c_int00"  address: 00002bad


MEMORY CONFIGURATION

         name            origin    length      used     unused   attr    fill
----------------------  --------  ---------  --------  --------  ----  --------
  FLASH                 00000000   00040000  000033c8  0003cc38  R  X
  SRAM                  20000000   00008000  00000e04  000071fc  RW X


SEGMENT ALLOCATION MAP

run origin  load origin   length   init length attrs members
----------  ----------- ---------- ----------- ----- -------
00000000    00000000    000033cc   000033cc    r-x
  00000000    00000000    0000026c   0000026c    r-- .intvecs
  0000026c    0000026c    00002e7c   00002e7c    r-x .text
  000030e8    000030e8    0000028c   0000028c    r-- .const
  00003378    00003378    00000054   00000054    r-- .cinit
20000000    20000000    00000e07   00000000    rw-
  20000000    20000000    0000026c   00000000    rw- .vtable
  2000026c    2000026c    0000097d   00000000    rw- .bss
  20000bec    20000bec    00000200   00000000    rw- .stack
  20000dec    20000dec    0000001b   00000000    rw- .data


SECTION ALLOCATION MAP

 output                                  attributes/
section   page    origin      length       input sections
--------  ----  ----------  ----------   ----------------
.intvecs   0    00000000    0000026c     
                  00000000    0000026c     tm4c123gh6pm_startup_ccs.obj (.intvecs)

.text      0    0000026c    00002e7c     
                  0000026c    00001e0c     modbus_slave.obj (.text)
                  00002078    0000030c     ringbuf.obj (.text)
                  00002384    000001cc     main.obj (.text)
                  00002550    00000132     driverlib.lib : gpio.obj (.text:GPIOPadConfigSet)
                  00002682    00000002     rtsv7M4_T_le_v4SPD16_eabi.lib : mpu_init.obj (.text)
                  00002684    00000110     driverlib.lib : sysctl.obj (.text:SysCtlClockGet)
                  00002794    000000f4                   : sysctl.obj (.text:SysCtlClockSet)
                  00002888    0000009c     rtsv7M4_T_le_v4SPD16_eabi.lib : memcpy_t2.obj (.text)
                  00002924    0000007a                                   : memset_t2.obj (.text)
                  0000299e    00000002                                   : startup.obj (.text)
                  000029a0    00000070                                   : autoinit.obj (.text)
                  00002a10    0000006a                                   : copy_decompress_rle.obj (.text)
                  00002a7a    00000002     --HOLE-- [fill = 0]
                  00002a7c    00000068     driverlib.lib : interrupt.obj (.text:IntDisable)
                  00002ae4    00000068                   : interrupt.obj (.text:IntEnable)
                  00002b4c    00000060                   : timer.obj (.text:TimerConfigure)
                  00002bac    00000054     rtsv7M4_T_le_v4SPD16_eabi.lib : boot.obj (.text)
                  00002c00    00000054                                   : exit.obj (.text)
                  00002c54    00000050     driverlib.lib : sysctl.obj (.text:SysCtlPeripheralReset)
                  00002ca4    0000004c                   : timer.obj (.text:_TimerIntNumberGet)
                  00002cf0    0000004c     rtsv7M4_T_le_v4SPD16_eabi.lib : cpy_tbl.obj (.text)
                  00002d3c    00000048     driverlib.lib : gpio.obj (.text:GPIOPinConfigure)
                  00002d84    00000046                   : uart.obj (.text:UARTConfigSetExpClk)
                  00002dca    00000002     --HOLE-- [fill = 0]
                  00002dcc    00000040                   : uart.obj (.text:_UARTIntNumberGet)
                  00002e0c    00000038                   : sysctl.obj (.text:SysCtlPeripheralReady)
                  00002e44    00000034                   : interrupt.obj (.text:IntRegister)
                  00002e78    00000034                   : sysctl.obj (.text:SysCtlPeripheralEnable)
                  00002eac    0000002a                   : gpio.obj (.text:GPIODirModeSet)
                  00002ed6    00000002     --HOLE-- [fill = 0]
                  00002ed8    00000020                   : uart.obj (.text:UARTDisable)
                  00002ef8    00000018                   : gpio.obj (.text:GPIOPinTypeGPIOOutput)
                  00002f10    00000018                   : timer.obj (.text:TimerDisable)
                  00002f28    00000018                   : timer.obj (.text:TimerIntRegister)
                  00002f40    00000018                   : uart.obj (.text:UARTIntRegister)
                  00002f58    00000018     rtsv7M4_T_le_v4SPD16_eabi.lib : args_main.obj (.text)
                  00002f70    00000014     driverlib.lib : fpu.obj (.text:FPUStackingEnable)
                  00002f84    00000014                   : uart.obj (.text:UARTEnable)
                  00002f98    00000014     rtsv7M4_T_le_v4SPD16_eabi.lib : _lock.obj (.text)
                  00002fac    00000012     driverlib.lib : gpio.obj (.text:GPIOPinTypeUART)
                  00002fbe    00000012                   : timer.obj (.text:TimerLoadSet)
                  00002fd0    00000010                   : fpu.obj (.text:FPUEnable)
                  00002fe0    00000010                   : fpu.obj (.text:FPULazyStackingEnable)
                  00002ff0    00000010                   : interrupt.obj (.text:IntMasterDisable)
                  00003000    00000010                   : interrupt.obj (.text:IntMasterEnable)
                  00003010    0000000e                   : gpio.obj (.text:GPIOIntStatus)
                  0000301e    0000000e                   : timer.obj (.text:TimerEnable)
                  0000302c    0000000e                   : uart.obj (.text:UARTCharGetNonBlocking)
                  0000303a    0000000e                   : uart.obj (.text:UARTCharPutNonBlocking)
                  00003048    0000000e                   : uart.obj (.text:UARTCharsAvail)
                  00003056    0000000e     rtsv7M4_T_le_v4SPD16_eabi.lib : copy_decompress_none.obj (.text:decompress:none)
                  00003064    0000000c     driverlib.lib : cpu.obj (.text:CPUcpsid)
                  00003070    0000000c                   : cpu.obj (.text:CPUcpsie)
                  0000307c    0000000c     tm4c123gh6pm_startup_ccs.obj (.text)
                  00003088    0000000a     driverlib.lib : uart.obj (.text:UARTFIFODisable)
                  00003092    0000000a                   : uart.obj (.text:UARTIntDisable)
                  0000309c    0000000a                   : uart.obj (.text:UARTIntStatus)
                  000030a6    00000008                   : timer.obj (.text:TimerIntEnable)
                  000030ae    00000008                   : uart.obj (.text:UARTBusy)
                  000030b6    00000008                   : uart.obj (.text:UARTIntEnable)
                  000030be    00000006                   : gpio.obj (.text:GPIOIntClear)
                  000030c4    00000006                   : gpio.obj (.text:GPIOPinWrite)
                  000030ca    00000006                   : sysctl.obj (.text:SysCtlDelay)
                  000030d0    00000006                   : uart.obj (.text:UARTFIFOLevelSet)
                  000030d6    00000006     rtsv7M4_T_le_v4SPD16_eabi.lib : copy_decompress_rle.obj (.text:decompress:rle24)
                  000030dc    00000004     driverlib.lib : timer.obj (.text:TimerIntClear)
                  000030e0    00000004                   : uart.obj (.text:UARTIntClear)
                  000030e4    00000004     rtsv7M4_T_le_v4SPD16_eabi.lib : pre_init.obj (.text)

.const     0    000030e8    0000028c     
                  000030e8    00000090     driverlib.lib : gpio.obj (.const:g_pui32GPIOBaseAddrs)
                  00003178    00000070                   : interrupt.obj (.const)
                  000031e8    0000006c                   : sysctl.obj (.const:g_pui32Xtals)
                  00003254    00000060                   : timer.obj (.const:g_ppui32TimerIntMap)
                  000032b4    00000040                   : timer.obj (.const:g_ppui32TimerIntMapSnowflake)
                  000032f4    00000040                   : uart.obj (.const:g_ppui32UARTIntMap)
                  00003334    00000040                   : uart.obj (.const:g_ppui32UARTIntMapSnowflake)

.cinit     0    00003378    00000054     
                  00003378    00000016     (.cinit..data.load) [load image, compression = rle]
                  0000338e    00000002     --HOLE-- [fill = 0]
                  00003390    0000000b     (.cinit..bss.load) [load image, compression = rle]
                  0000339b    00000005     --HOLE-- [fill = 0]
                  000033a0    0000000b     (.cinit..vtable.load) [load image, compression = rle]
                  000033ab    00000001     --HOLE-- [fill = 0]
                  000033ac    00000008     (__TI_handler_table)
                  000033b4    00000018     (__TI_cinit_table)

.init_array 
*          0    00000000    00000000     UNINITIALIZED

.vtable    0    20000000    0000026c     UNINITIALIZED
                  20000000    0000026c     driverlib.lib : interrupt.obj (.vtable)

.bss       0    2000026c    0000097d     UNINITIALIZED
                  2000026c    00000514     (.common:g_tDataField)
                  20000780    00000100     (.common:g_pui8MBRsp)
                  20000880    00000100     (.common:g_pui8MbReqPDU)
                  20000980    00000100     (.common:g_pui8RxBuf)
                  20000a80    00000100     (.common:g_pui8TxBuf)
                  20000b80    00000014     (.common:g_tSerialConfig)
                  20000b94    00000010     (.common:g_rbRemoTIRxRingBuf)
                  20000ba4    00000010     (.common:g_rbRemoTITxRingBuf)
                  20000bb4    0000000a     (.common:g_tModbus)
                  20000bbe    0000000a     (.common:g_tStation)
                  20000bc8    00000004     (.common:g_ui32SysClock)
                  20000bcc    00000004     (.common:g_ui32TxRxEnablePort)
                  20000bd0    00000004     (.common:g_ui32UARTPort)
                  20000bd4    00000002     (.common:ERR)
                  20000bd6    00000002     (.common:g_ui16DataFieldEnable)
                  20000bd8    00000002     (.common:g_ui16Datalength)
                  20000bda    00000002     (.common:g_ui16HoldingReg)
                  20000bdc    00000002     (.common:g_ui16InputCoil)
                  20000bde    00000002     (.common:g_ui16InputReg)
                  20000be0    00000002     (.common:g_ui16StatusCoil)
                  20000be2    00000002     (.common:test3)
                  20000be4    00000002     (.common:test4)
                  20000be6    00000001     (.common:g_bTransmitBusy)
                  20000be7    00000001     (.common:g_bTxRxEnable)
                  20000be8    00000001     (.common:g_ui8TxRxEnablePin)

.stack     0    20000bec    00000200     UNINITIALIZED
                  20000bec    00000200     --HOLE--

.data      0    20000dec    0000001b     UNINITIALIZED
                  20000dec    0000000c     rtsv7M4_T_le_v4SPD16_eabi.lib : exit.obj (.data:$O1$$)
                  20000df8    00000008                                   : _lock.obj (.data:$O1$$)
                  20000e00    00000004                                   : stkdepth_vars.obj (.data)
                  20000e04    00000003     modbus_slave.obj (.data)

MODULE SUMMARY

       Module                         code    ro data   rw data
       ------                         ----    -------   -------
    .\
       modbus_slave.obj               7692    0         2392   
       ringbuf.obj                    780     0         0      
       tm4c123gh6pm_startup_ccs.obj   12      620       0      
       main.obj                       460     0         40     
    +--+------------------------------+-------+---------+---------+
       Total:                         8944    620       2432   
                                                               
    ../driverlib.lib
       interrupt.obj                  292     112       620    
       sysctl.obj                     710     108       0      
       gpio.obj                       488     144       0      
       uart.obj                       308     128       0      
       timer.obj                      264     160       0      
       fpu.obj                        52      0         0      
       cpu.obj                        24      0         0      
    +--+------------------------------+-------+---------+---------+
       Total:                         2138    652       620    
                                                               
    C:\ti\ccsv6\tools\compiler\arm_15.12.3.LTS\lib\rtsv7M4_T_le_v4SPD16_eabi.lib
       memcpy_t2.obj                  156     0         0      
       memset_t2.obj                  122     0         0      
       autoinit.obj                   112     0         0      
       copy_decompress_rle.obj        112     0         0      
       exit.obj                       84      0         12     
       boot.obj                       84      0         0      
       cpy_tbl.obj                    76      0         0      
       _lock.obj                      20      0         8      
       args_main.obj                  24      0         0      
       copy_decompress_none.obj       14      0         0      
       pre_init.obj                   4       0         0      
       stkdepth_vars.obj              0       0         4      
       mpu_init.obj                   2       0         0      
       startup.obj                    2       0         0      
    +--+------------------------------+-------+---------+---------+
       Total:                         812     0         24     
                                                               
       Stack:                         0       0         512    
       Linker Generated:              0       76        0      
    +--+------------------------------+-------+---------+---------+
       Grand Total:                   11894   1348      3588   


LINKER GENERATED COPY TABLES

__TI_cinit_table @ 000033b4 records: 3, size/record: 8, table size: 24
	.data: load addr=00003378, load size=00000016 bytes, run addr=20000dec, run size=0000001b bytes, compression=rle
	.bss: load addr=00003390, load size=0000000b bytes, run addr=2000026c, run size=0000097d bytes, compression=rle
	.vtable: load addr=000033a0, load size=0000000b bytes, run addr=20000000, run size=0000026c bytes, compression=rle


LINKER GENERATED HANDLER TABLE

__TI_handler_table @ 000033ac records: 2, size/record: 4, table size: 8
	index: 0, handler: __TI_decompress_rle24
	index: 1, handler: __TI_decompress_none


GLOBAL SYMBOLS: SORTED ALPHABETICALLY BY Name 

address   name                           
-------   ----                           
0000026d  BitWriteByte                   
000002e3  BitWriteWord                   
00002c01  C$$EXIT                        
00003065  CPUcpsid                       
00003071  CPUcpsie                       
0000035d  CRCCalculator                  
000003f1  CRCCheck                       
00001549  ConfigSerial                   
000023b1  ConfigurePort                  
00001139  DataFieldRegister              
00001945  DataFieldUnRegister            
20000bd4  ERR                            
00002fd1  FPUEnable                      
00002fe1  FPULazyStackingEnable          
00002f71  FPUStackingEnable              
00000a85  Fcode05                        
00000c25  Fcode06                        
00000d41  Fcode15                        
00000f91  Fcode16                        
0000241f  GPIOConfigure                  
00002ead  GPIODirModeSet                 
000030bf  GPIOIntClear                   
00003011  GPIOIntStatus                  
00002551  GPIOPadConfigSet               
00002d3d  GPIOPinConfigure               
00002ef9  GPIOPinTypeGPIOOutput          
00002fad  GPIOPinTypeUART                
000030c5  GPIOPinWrite                   
00002a7d  IntDisable                     
00002ae5  IntEnable                      
00002ff1  IntMasterDisable               
00003001  IntMasterEnable                
00002e45  IntRegister                    
00000463  PutMsg                         
00000525  ReadBit                        
00001cfd  ReadCoil                       
00001a91  ReadDWord                      
00000839  ReadRegister                   
00001a21  ReadWord                       
0000307d  ResetISR                       
00002263  RingBufAdvanceRead             
00002291  RingBufAdvanceWrite            
000021bd  RingBufContigFree              
0000218f  RingBufContigUsed              
000020fd  RingBufEmpty                   
00002127  RingBufFlush                   
00002179  RingBufFree                    
000020c3  RingBufFull                    
00002361  RingBufInit                    
0000222d  RingBufRead                    
00002207  RingBufReadOne                 
000021f9  RingBufSize                    
00002147  RingBufUsed                    
0000232b  RingBufWrite                   
00002305  RingBufWriteOne                
UNDEFED   SHT$$INIT_ARRAY$$Base          
UNDEFED   SHT$$INIT_ARRAY$$Limit         
000023ed  StationConfig                  
00002685  SysCtlClockGet                 
00002795  SysCtlClockSet                 
000030cb  SysCtlDelay                    
00002e79  SysCtlPeripheralEnable         
00002e0d  SysCtlPeripheralReady          
00002c55  SysCtlPeripheralReset          
0000148b  Timer0AIntHandler              
000014d9  Timer1AIntHandler              
00002b4d  TimerConfigure                 
00002f11  TimerDisable                   
0000301f  TimerEnable                    
000030dd  TimerIntClear                  
000030a7  TimerIntEnable                 
00002f29  TimerIntRegister               
00002fbf  TimerLoadSet                   
000019e5  TxRxEnablePin                  
000030af  UARTBusy                       
0000302d  UARTCharGetNonBlocking         
0000303b  UARTCharPutNonBlocking         
00003049  UARTCharsAvail                 
00002d85  UARTConfigSetExpClk            
00002ed9  UARTDisable                    
00002f85  UARTEnable                     
00003089  UARTFIFODisable                
000030d1  UARTFIFOLevelSet               
000030e1  UARTIntClear                   
00003093  UARTIntDisable                 
000030b7  UARTIntEnable                  
000011dd  UARTIntHandler                 
00002f41  UARTIntRegister                
0000309d  UARTIntStatus                  
00001e55  WriteCoil                      
00001c0d  WriteDWord                     
00001b99  WriteWord                      
20000dec  __STACK_END                    
00000200  __STACK_SIZE                   
20000dec  __STACK_TOP                    
000033b4  __TI_CINIT_Base                
000033cc  __TI_CINIT_Limit               
000033ac  __TI_Handler_Table_Base        
000033b4  __TI_Handler_Table_Limit       
000029a1  __TI_auto_init                 
20000dec  __TI_cleanup_ptr               
00003057  __TI_decompress_none           
000030d7  __TI_decompress_rle24          
20000df0  __TI_dtors_ptr                 
20000df4  __TI_enable_exit_profile_output
ffffffff  __TI_pprof_out_hndl            
ffffffff  __TI_prof_data_size            
ffffffff  __TI_prof_data_start           
00000000  __TI_static_base__             
00002925  __aeabi_memclr                 
00002925  __aeabi_memclr4                
00002925  __aeabi_memclr8                
00002889  __aeabi_memcpy                 
00002889  __aeabi_memcpy4                
00002889  __aeabi_memcpy8                
00002927  __aeabi_memset                 
00002927  __aeabi_memset4                
00002927  __aeabi_memset8                
ffffffff  __binit__                      
ffffffff  __c_args__                     
00002683  __mpu_init                     
20000bec  __stack                        
00002f59  _args_main                     
00002bad  _c_int00                       
20000df8  _lock                          
00002fa7  _nop                           
00002f9f  _register_lock                 
00002f99  _register_unlock               
0000299f  _system_post_cinit             
000030e5  _system_pre_init               
20000dfc  _unlock                        
00002c05  abort                          
ffffffff  binit                          
00002cf1  copy_in                        
00002c0d  exit                           
20000be6  g_bTransmitBusy                
20000be7  g_bTxRxEnable                  
20000000  g_pfnRAMVectors                
00000000  g_pfnVectors                   
20000780  g_pui8MBRsp                    
20000880  g_pui8MbReqPDU                 
20000980  g_pui8RxBuf                    
20000a80  g_pui8TxBuf                    
20000b94  g_rbRemoTIRxRingBuf            
20000ba4  g_rbRemoTITxRingBuf            
2000026c  g_tDataField                   
20000bb4  g_tModbus                      
20000b80  g_tSerialConfig                
20000bbe  g_tStation                     
20000bd6  g_ui16DataFieldEnable          
20000bd8  g_ui16Datalength               
20000bda  g_ui16HoldingReg               
20000bdc  g_ui16InputCoil                
20000bde  g_ui16InputReg                 
20000be0  g_ui16StatusCoil               
20000bc8  g_ui32SysClock                 
20000bcc  g_ui32TxRxEnablePort           
20000bd0  g_ui32UARTPort                 
20000be8  g_ui8TxRxEnablePin             
0000245f  main                           
20000e00  main_func_sp                   
00002889  memcpy                         
0000292d  memset                         
00002385  ngat                           
20000be2  test3                          
20000be4  test4                          


GLOBAL SYMBOLS: SORTED BY Symbol Address 

address   name                           
-------   ----                           
00000000  __TI_static_base__             
00000000  g_pfnVectors                   
00000200  __STACK_SIZE                   
0000026d  BitWriteByte                   
000002e3  BitWriteWord                   
0000035d  CRCCalculator                  
000003f1  CRCCheck                       
00000463  PutMsg                         
00000525  ReadBit                        
00000839  ReadRegister                   
00000a85  Fcode05                        
00000c25  Fcode06                        
00000d41  Fcode15                        
00000f91  Fcode16                        
00001139  DataFieldRegister              
000011dd  UARTIntHandler                 
0000148b  Timer0AIntHandler              
000014d9  Timer1AIntHandler              
00001549  ConfigSerial                   
00001945  DataFieldUnRegister            
000019e5  TxRxEnablePin                  
00001a21  ReadWord                       
00001a91  ReadDWord                      
00001b99  WriteWord                      
00001c0d  WriteDWord                     
00001cfd  ReadCoil                       
00001e55  WriteCoil                      
000020c3  RingBufFull                    
000020fd  RingBufEmpty                   
00002127  RingBufFlush                   
00002147  RingBufUsed                    
00002179  RingBufFree                    
0000218f  RingBufContigUsed              
000021bd  RingBufContigFree              
000021f9  RingBufSize                    
00002207  RingBufReadOne                 
0000222d  RingBufRead                    
00002263  RingBufAdvanceRead             
00002291  RingBufAdvanceWrite            
00002305  RingBufWriteOne                
0000232b  RingBufWrite                   
00002361  RingBufInit                    
00002385  ngat                           
000023b1  ConfigurePort                  
000023ed  StationConfig                  
0000241f  GPIOConfigure                  
0000245f  main                           
00002551  GPIOPadConfigSet               
00002683  __mpu_init                     
00002685  SysCtlClockGet                 
00002795  SysCtlClockSet                 
00002889  __aeabi_memcpy                 
00002889  __aeabi_memcpy4                
00002889  __aeabi_memcpy8                
00002889  memcpy                         
00002925  __aeabi_memclr                 
00002925  __aeabi_memclr4                
00002925  __aeabi_memclr8                
00002927  __aeabi_memset                 
00002927  __aeabi_memset4                
00002927  __aeabi_memset8                
0000292d  memset                         
0000299f  _system_post_cinit             
000029a1  __TI_auto_init                 
00002a7d  IntDisable                     
00002ae5  IntEnable                      
00002b4d  TimerConfigure                 
00002bad  _c_int00                       
00002c01  C$$EXIT                        
00002c05  abort                          
00002c0d  exit                           
00002c55  SysCtlPeripheralReset          
00002cf1  copy_in                        
00002d3d  GPIOPinConfigure               
00002d85  UARTConfigSetExpClk            
00002e0d  SysCtlPeripheralReady          
00002e45  IntRegister                    
00002e79  SysCtlPeripheralEnable         
00002ead  GPIODirModeSet                 
00002ed9  UARTDisable                    
00002ef9  GPIOPinTypeGPIOOutput          
00002f11  TimerDisable                   
00002f29  TimerIntRegister               
00002f41  UARTIntRegister                
00002f59  _args_main                     
00002f71  FPUStackingEnable              
00002f85  UARTEnable                     
00002f99  _register_unlock               
00002f9f  _register_lock                 
00002fa7  _nop                           
00002fad  GPIOPinTypeUART                
00002fbf  TimerLoadSet                   
00002fd1  FPUEnable                      
00002fe1  FPULazyStackingEnable          
00002ff1  IntMasterDisable               
00003001  IntMasterEnable                
00003011  GPIOIntStatus                  
0000301f  TimerEnable                    
0000302d  UARTCharGetNonBlocking         
0000303b  UARTCharPutNonBlocking         
00003049  UARTCharsAvail                 
00003057  __TI_decompress_none           
00003065  CPUcpsid                       
00003071  CPUcpsie                       
0000307d  ResetISR                       
00003089  UARTFIFODisable                
00003093  UARTIntDisable                 
0000309d  UARTIntStatus                  
000030a7  TimerIntEnable                 
000030af  UARTBusy                       
000030b7  UARTIntEnable                  
000030bf  GPIOIntClear                   
000030c5  GPIOPinWrite                   
000030cb  SysCtlDelay                    
000030d1  UARTFIFOLevelSet               
000030d7  __TI_decompress_rle24          
000030dd  TimerIntClear                  
000030e1  UARTIntClear                   
000030e5  _system_pre_init               
000033ac  __TI_Handler_Table_Base        
000033b4  __TI_CINIT_Base                
000033b4  __TI_Handler_Table_Limit       
000033cc  __TI_CINIT_Limit               
20000000  g_pfnRAMVectors                
2000026c  g_tDataField                   
20000780  g_pui8MBRsp                    
20000880  g_pui8MbReqPDU                 
20000980  g_pui8RxBuf                    
20000a80  g_pui8TxBuf                    
20000b80  g_tSerialConfig                
20000b94  g_rbRemoTIRxRingBuf            
20000ba4  g_rbRemoTITxRingBuf            
20000bb4  g_tModbus                      
20000bbe  g_tStation                     
20000bc8  g_ui32SysClock                 
20000bcc  g_ui32TxRxEnablePort           
20000bd0  g_ui32UARTPort                 
20000bd4  ERR                            
20000bd6  g_ui16DataFieldEnable          
20000bd8  g_ui16Datalength               
20000bda  g_ui16HoldingReg               
20000bdc  g_ui16InputCoil                
20000bde  g_ui16InputReg                 
20000be0  g_ui16StatusCoil               
20000be2  test3                          
20000be4  test4                          
20000be6  g_bTransmitBusy                
20000be7  g_bTxRxEnable                  
20000be8  g_ui8TxRxEnablePin             
20000bec  __stack                        
20000dec  __STACK_END                    
20000dec  __STACK_TOP                    
20000dec  __TI_cleanup_ptr               
20000df0  __TI_dtors_ptr                 
20000df4  __TI_enable_exit_profile_output
20000df8  _lock                          
20000dfc  _unlock                        
20000e00  main_func_sp                   
ffffffff  __TI_pprof_out_hndl            
ffffffff  __TI_prof_data_size            
ffffffff  __TI_prof_data_start           
ffffffff  __binit__                      
ffffffff  __c_args__                     
ffffffff  binit                          
UNDEFED   SHT$$INIT_ARRAY$$Base          
UNDEFED   SHT$$INIT_ARRAY$$Limit         

[166 symbols]
